# Transcript gerado a partir de .\rt18_write_password_to_radio.pcapng
# OUT (direction=0) = APP->RADIO (host envia)
# IN  (direction=1) = RADIO->APP (dispositivo responde)

[5.652946000] dev=8 RADIO->APP (10 bytes)
    a1 20 00 00 00 00 02 00 82 1e                    |. ........|
[5.779510000] dev=8 APP->RADIO (8 bytes)
    02 4a 53 4f 47 52 41 50                          |.JSOGRAP|
[5.789277000] dev=8 RADIO->APP (1 bytes)
    06                                               |.|
[5.795198000] dev=8 APP->RADIO (1 bytes)
    02                                               |.|
[5.801776000] dev=8 RADIO->APP (1 bytes)
    06                                               |.|
[5.802904000] dev=8 RADIO->APP (1 bytes)
    03                                               |.|
[5.804052000] dev=8 RADIO->APP (1 bytes)
    e8                                               |.|
[5.805078000] dev=8 RADIO->APP (1 bytes)
    08                                               |.|
[5.806273000] dev=8 RADIO->APP (1 bytes)
    ff                                               |.|
[5.807397000] dev=8 RADIO->APP (1 bytes)
    ff                                               |.|
[5.808453000] dev=8 RADIO->APP (1 bytes)
    ff                                               |.|
[5.809597000] dev=8 RADIO->APP (1 bytes)
    ff                                               |.|
[5.826235000] dev=8 APP->RADIO (1 bytes)
    06                                               |.|
[5.828696000] dev=8 RADIO->APP (1 bytes)
    06                                               |.|
[5.841703000] dev=8 APP->RADIO (1 bytes)
    05                                               |.|
[5.843879000] dev=8 RADIO->APP (1 bytes)
    ff                                               |.|
[5.845050000] dev=8 RADIO->APP (1 bytes)
    ff                                               |.|
[5.846148000] dev=8 RADIO->APP (1 bytes)
    ff                                               |.|
[5.847258000] dev=8 RADIO->APP (1 bytes)
    ff                                               |.|
[5.848350000] dev=8 RADIO->APP (1 bytes)
    ff                                               |.|
[5.849522000] dev=8 RADIO->APP (1 bytes)
    ff                                               |.|
[5.873098000] dev=8 APP->RADIO (1 bytes)
    06                                               |.|
[5.875551000] dev=8 RADIO->APP (1 bytes)
    06                                               |.|
[5.888162000] dev=8 APP->RADIO (12 bytes)
    57 00 00 08 00 25 27 46 00 25 27 46              |W....%'F.%'F|
[5.918503000] dev=8 RADIO->APP (1 bytes)
    06                                               |.|
[5.934938000] dev=8 APP->RADIO (12 bytes)
    57 00 08 08 54 c7 54 c7 ec 00 05 ff              |W...T.T.....|
[5.965258000] dev=8 RADIO->APP (1 bytes)
    06                                               |.|
[5.981162000] dev=8 APP->RADIO (12 bytes)
    57 00 10 08 50 62 25 46 50 62 25 46              |W...Pb%FPb%F|
[6.011502000] dev=8 RADIO->APP (1 bytes)
    06                                               |.|
[6.028098000] dev=8 APP->RADIO (4 bytes)
    52 00 10 08                                      |R...|
[6.033478000] dev=8 RADIO->APP (1 bytes)
    57                                               |W|
[6.034599000] dev=8 RADIO->APP (1 bytes)
    00                                               |.|
[6.035723000] dev=8 RADIO->APP (1 bytes)
    10                                               |.|
[6.036855000] dev=8 RADIO->APP (1 bytes)
    08                                               |.|
[6.038052000] dev=8 RADIO->APP (1 bytes)
    50                                               |P|
[6.039123000] dev=8 RADIO->APP (1 bytes)
    62                                               |b|
[6.040250000] dev=8 RADIO->APP (1 bytes)
    25                                               |%|
[6.041376000] dev=8 RADIO->APP (1 bytes)
    46                                               |F|
[6.042423000] dev=8 RADIO->APP (1 bytes)
    50                                               |P|
[6.043614000] dev=8 RADIO->APP (1 bytes)
    62                                               |b|
[6.044751000] dev=8 RADIO->APP (1 bytes)
    25                                               |%|
[6.045873000] dev=8 RADIO->APP (1 bytes)
    46                                               |F|
[6.074395000] dev=8 APP->RADIO (12 bytes)
    57 00 18 08 54 c7 54 c7 ec 50 87 25              |W...T.T..P.%|
[6.104728000] dev=8 RADIO->APP (1 bytes)
    06                                               |.|
[6.121403000] dev=8 APP->RADIO (4 bytes)
    52 00 18 08                                      |R...|
[6.126729000] dev=8 RADIO->APP (1 bytes)
    57                                               |W|
[6.127931000] dev=8 RADIO->APP (1 bytes)
    00                                               |.|
[6.129038000] dev=8 RADIO->APP (1 bytes)
    18                                               |.|
[6.130119000] dev=8 RADIO->APP (1 bytes)
    08                                               |.|
[6.131297000] dev=8 RADIO->APP (1 bytes)
    54                                               |T|
[6.132423000] dev=8 RADIO->APP (1 bytes)
    c7                                               |.|
[6.133549000] dev=8 RADIO->APP (1 bytes)
    54                                               |T|
[6.134703000] dev=8 RADIO->APP (1 bytes)
    c7                                               |.|
[6.135823000] dev=8 RADIO->APP (1 bytes)
    ec                                               |.|
[6.136883000] dev=8 RADIO->APP (1 bytes)
    50                                               |P|
[6.138076000] dev=8 RADIO->APP (1 bytes)
    87                                               |.|
[6.139198000] dev=8 RADIO->APP (1 bytes)
    25                                               |%|
[6.167900000] dev=8 APP->RADIO (12 bytes)
    57 00 20 08 50 87 25 46 50 87 25 46              |W. .P.%FP.%F|
[6.198228000] dev=8 RADIO->APP (1 bytes)
    06                                               |.|
[6.199349000] dev=8 APP->RADIO (4 bytes)
    52 00 20 08                                      |R. .|
[6.204705000] dev=8 RADIO->APP (1 bytes)
    57                                               |W|
[6.205851000] dev=8 RADIO->APP (1 bytes)
    00                                               |.|
[6.207051000] dev=8 RADIO->APP (1 bytes)
    20                                               | |
[6.208022000] dev=8 RADIO->APP (1 bytes)
    08                                               |.|
[6.209151000] dev=8 RADIO->APP (1 bytes)
    50                                               |P|
[6.210273000] dev=8 RADIO->APP (1 bytes)
    87                                               |.|
[6.211397000] dev=8 RADIO->APP (1 bytes)
    25                                               |%|
[6.212523000] dev=8 RADIO->APP (1 bytes)
    46                                               |F|
[6.213647000] dev=8 RADIO->APP (1 bytes)
    50                                               |P|
[6.214773000] dev=8 RADIO->APP (1 bytes)
    87                                               |.|
[6.215974000] dev=8 RADIO->APP (1 bytes)
    25                                               |%|
[6.217024000] dev=8 RADIO->APP (1 bytes)
    46                                               |F|
[6.245700000] dev=8 APP->RADIO (12 bytes)
    57 00 28 08 54 c7 54 c7 ec 50 12 26              |W.(.T.T..P.&|
[6.276004000] dev=8 RADIO->APP (1 bytes)
    06                                               |.|
[6.277086000] dev=8 APP->RADIO (4 bytes)
    52 00 28 08                                      |R.(.|
[6.282450000] dev=8 RADIO->APP (1 bytes)
    57                                               |W|
[6.283601000] dev=8 RADIO->APP (1 bytes)
    00                                               |.|
[6.284709000] dev=8 RADIO->APP (1 bytes)
    28                                               |(|
[6.285852000] dev=8 RADIO->APP (1 bytes)
    08                                               |.|
[6.287010000] dev=8 RADIO->APP (1 bytes)
    54                                               |T|
[6.288027000] dev=8 RADIO->APP (1 bytes)
    c7                                               |.|
[6.289226000] dev=8 RADIO->APP (1 bytes)
    54                                               |T|
[6.290349000] dev=8 RADIO->APP (1 bytes)
    c7                                               |.|
[6.291478000] dev=8 RADIO->APP (1 bytes)
    ec                                               |.|
[6.292601000] dev=8 RADIO->APP (1 bytes)
    50                                               |P|
[6.293727000] dev=8 RADIO->APP (1 bytes)
    12                                               |.|
[6.294881000] dev=8 RADIO->APP (1 bytes)
    26                                               |&|
[6.323194000] dev=8 APP->RADIO (12 bytes)
    57 00 30 08 50 12 26 46 50 12 26 46              |W.0.P.&FP.&F|
[6.353508000] dev=8 RADIO->APP (1 bytes)
    06                                               |.|
[6.369053000] dev=8 APP->RADIO (4 bytes)
    52 00 30 08                                      |R.0.|
[6.374348000] dev=8 RADIO->APP (1 bytes)
    57                                               |W|
[6.375474000] dev=8 RADIO->APP (1 bytes)
    00                                               |.|
[6.376675000] dev=8 RADIO->APP (1 bytes)
    30                                               |0|
[6.377827000] dev=8 RADIO->APP (1 bytes)
    08                                               |.|
[6.378933000] dev=8 RADIO->APP (1 bytes)
    50                                               |P|
[6.379998000] dev=8 RADIO->APP (1 bytes)
    12                                               |.|
[6.381198000] dev=8 RADIO->APP (1 bytes)
    26                                               |&|
[6.382323000] dev=8 RADIO->APP (1 bytes)
    46                                               |F|
[6.383454000] dev=8 RADIO->APP (1 bytes)
    50                                               |P|
[6.384501000] dev=8 RADIO->APP (1 bytes)
    12                                               |.|
[6.385625000] dev=8 RADIO->APP (1 bytes)
    26                                               |&|
[6.386824000] dev=8 RADIO->APP (1 bytes)
    46                                               |F|
[6.415619000] dev=8 APP->RADIO (12 bytes)
    57 00 38 08 54 c7 54 c7 ec 50 37 26              |W.8.T.T..P7&|
[6.445977000] dev=8 RADIO->APP (1 bytes)
    06                                               |.|
[6.447442000] dev=8 APP->RADIO (4 bytes)
    52 00 38 08                                      |R.8.|
[6.452724000] dev=8 RADIO->APP (1 bytes)
    57                                               |W|
[6.453848000] dev=8 RADIO->APP (1 bytes)
    00                                               |.|
[6.454973000] dev=8 RADIO->APP (1 bytes)
    38                                               |8|
[6.456122000] dev=8 RADIO->APP (1 bytes)
    08                                               |.|
[6.457325000] dev=8 RADIO->APP (1 bytes)
    54                                               |T|
[6.458473000] dev=8 RADIO->APP (1 bytes)
    c7                                               |.|
[6.459498000] dev=8 RADIO->APP (1 bytes)
    54                                               |T|
[6.460610000] dev=8 RADIO->APP (1 bytes)
    c7                                               |.|
[6.461757000] dev=8 RADIO->APP (1 bytes)
    ec                                               |.|
[6.462974000] dev=8 RADIO->APP (1 bytes)
    50                                               |P|
[6.464049000] dev=8 RADIO->APP (1 bytes)
    37                                               |7|
[6.465188000] dev=8 RADIO->APP (1 bytes)
    26                                               |&|
[6.493861000] dev=8 APP->RADIO (12 bytes)
    57 00 40 08 50 37 26 46 50 37 26 46              |W.@.P7&FP7&F|
[6.524228000] dev=8 RADIO->APP (1 bytes)
    06                                               |.|
[6.539526000] dev=8 APP->RADIO (4 bytes)
    52 00 40 08                                      |R.@.|
[6.544885000] dev=8 RADIO->APP (1 bytes)
    57                                               |W|
[6.546015000] dev=8 RADIO->APP (1 bytes)
    00                                               |.|
[6.547132000] dev=8 RADIO->APP (1 bytes)
    40                                               |@|
[6.548244000] dev=8 RADIO->APP (1 bytes)
    08                                               |.|
[6.549374000] dev=8 RADIO->APP (1 bytes)
    50                                               |P|
[6.550567000] dev=8 RADIO->APP (1 bytes)
    37                                               |7|
[6.551646000] dev=8 RADIO->APP (1 bytes)
    26                                               |&|
[6.552747000] dev=8 RADIO->APP (1 bytes)
    46                                               |F|
[6.553873000] dev=8 RADIO->APP (1 bytes)
    50                                               |P|
[6.554995000] dev=8 RADIO->APP (1 bytes)
    37                                               |7|
[6.556148000] dev=8 RADIO->APP (1 bytes)
    26                                               |&|
[6.557270000] dev=8 RADIO->APP (1 bytes)
    46                                               |F|
[6.586890000] dev=8 APP->RADIO (12 bytes)
    57 00 48 08 54 c7 54 c7 ec 50 62 26              |W.H.T.T..Pb&|
[6.617226000] dev=8 RADIO->APP (1 bytes)
    06                                               |.|
[6.633933000] dev=8 APP->RADIO (4 bytes)
    52 00 48 08                                      |R.H.|
[6.639302000] dev=8 RADIO->APP (1 bytes)
    57                                               |W|
[6.640425000] dev=8 RADIO->APP (1 bytes)
    00                                               |.|
[6.641553000] dev=8 RADIO->APP (1 bytes)
    48                                               |H|
[6.642655000] dev=8 RADIO->APP (1 bytes)
    08                                               |.|
[6.643696000] dev=8 RADIO->APP (1 bytes)
    54                                               |T|
[6.644955000] dev=8 RADIO->APP (1 bytes)
    c7                                               |.|
[6.646039000] dev=8 RADIO->APP (1 bytes)
    54                                               |T|
[6.647168000] dev=8 RADIO->APP (1 bytes)
    c7                                               |.|
[6.648325000] dev=8 RADIO->APP (1 bytes)
    ec                                               |.|
[6.649351000] dev=8 RADIO->APP (1 bytes)
    50                                               |P|
[6.650573000] dev=8 RADIO->APP (1 bytes)
    62                                               |b|
[6.651697000] dev=8 RADIO->APP (1 bytes)
    26                                               |&|
[6.679923000] dev=8 APP->RADIO (12 bytes)
    57 00 50 08 50 62 26 46 50 62 26 46              |W.P.Pb&FPb&F|
[6.710265000] dev=8 RADIO->APP (1 bytes)
    06                                               |.|
[6.711395000] dev=8 APP->RADIO (4 bytes)
    52 00 50 08                                      |R.P.|
[6.716680000] dev=8 RADIO->APP (1 bytes)
    57                                               |W|
[6.717799000] dev=8 RADIO->APP (1 bytes)
    00                                               |.|
[6.718977000] dev=8 RADIO->APP (1 bytes)
    50                                               |P|
[6.720076000] dev=8 RADIO->APP (1 bytes)
    08                                               |.|
[6.721209000] dev=8 RADIO->APP (1 bytes)
    50                                               |P|
[6.722330000] dev=8 RADIO->APP (1 bytes)
    62                                               |b|
[6.723450000] dev=8 RADIO->APP (1 bytes)
    26                                               |&|
[6.724576000] dev=8 RADIO->APP (1 bytes)
    46                                               |F|
[6.725697000] dev=8 RADIO->APP (1 bytes)
    50                                               |P|
[6.726827000] dev=8 RADIO->APP (1 bytes)
    62                                               |b|
[6.727985000] dev=8 RADIO->APP (1 bytes)
    26                                               |&|
[6.729080000] dev=8 RADIO->APP (1 bytes)
    46                                               |F|
[6.757848000] dev=8 APP->RADIO (12 bytes)
    57 00 58 08 54 c7 54 c7 ec 00 25 26              |W.X.T.T...%&|
[6.788228000] dev=8 RADIO->APP (1 bytes)
    06                                               |.|
[6.804586000] dev=8 APP->RADIO (4 bytes)
    52 00 58 08                                      |R.X.|
[6.809956000] dev=8 RADIO->APP (1 bytes)
    57                                               |W|
[6.811004000] dev=8 RADIO->APP (1 bytes)
    00                                               |.|
[6.812150000] dev=8 RADIO->APP (1 bytes)
    58                                               |X|
[6.813272000] dev=8 RADIO->APP (1 bytes)
    08                                               |.|
[6.814398000] dev=8 RADIO->APP (1 bytes)
    54                                               |T|
[6.815523000] dev=8 RADIO->APP (1 bytes)
    c7                                               |.|
[6.816674000] dev=8 RADIO->APP (1 bytes)
    54                                               |T|
[6.817801000] dev=8 RADIO->APP (1 bytes)
    c7                                               |.|
[6.818975000] dev=8 RADIO->APP (1 bytes)
    ec                                               |.|
[6.820048000] dev=8 RADIO->APP (1 bytes)
    00                                               |.|
[6.821175000] dev=8 RADIO->APP (1 bytes)
    25                                               |%|
[6.822299000] dev=8 RADIO->APP (1 bytes)
    26                                               |&|
[6.851415000] dev=8 APP->RADIO (12 bytes)
    57 00 60 08 00 25 26 46 00 25 26 46              |W.`..%&F.%&F|
[6.881754000] dev=8 RADIO->APP (1 bytes)
    06                                               |.|
[6.898661000] dev=8 APP->RADIO (4 bytes)
    52 00 60 08                                      |R.`.|
[6.903983000] dev=8 RADIO->APP (1 bytes)
    57                                               |W|
[6.905096000] dev=8 RADIO->APP (1 bytes)
    00                                               |.|
[6.906220000] dev=8 RADIO->APP (1 bytes)
    60                                               |`|
[6.907345000] dev=8 RADIO->APP (1 bytes)
    08                                               |.|
[6.908468000] dev=8 RADIO->APP (1 bytes)
    00                                               |.|
[6.909613000] dev=8 RADIO->APP (1 bytes)
    25                                               |%|
[6.910818000] dev=8 RADIO->APP (1 bytes)
    26                                               |&|
[6.911934000] dev=8 RADIO->APP (1 bytes)
    46                                               |F|
[6.913025000] dev=8 RADIO->APP (1 bytes)
    00                                               |.|
[6.914099000] dev=8 RADIO->APP (1 bytes)
    25                                               |%|
[6.915324000] dev=8 RADIO->APP (1 bytes)
    26                                               |&|
[6.916441000] dev=8 RADIO->APP (1 bytes)
    46                                               |F|
[6.945458000] dev=8 APP->RADIO (12 bytes)
    57 00 68 08 54 c7 54 c7 ec 00 25 27              |W.h.T.T...%'|
[6.975773000] dev=8 RADIO->APP (1 bytes)
    06                                               |.|
[6.992055000] dev=8 APP->RADIO (4 bytes)
    52 00 68 08                                      |R.h.|
[6.997455000] dev=8 RADIO->APP (1 bytes)
    57                                               |W|
[6.998578000] dev=8 RADIO->APP (1 bytes)
    00                                               |.|
[6.999713000] dev=8 RADIO->APP (1 bytes)
    68                                               |h|
[7.000752000] dev=8 RADIO->APP (1 bytes)
    08                                               |.|
[7.001879000] dev=8 RADIO->APP (1 bytes)
    54                                               |T|
[7.002996000] dev=8 RADIO->APP (1 bytes)
    c7                                               |.|
[7.004137000] dev=8 RADIO->APP (1 bytes)
    54                                               |T|
[7.005272000] dev=8 RADIO->APP (1 bytes)
    c7                                               |.|
[7.006397000] dev=8 RADIO->APP (1 bytes)
    ec                                               |.|
[7.007524000] dev=8 RADIO->APP (1 bytes)
    00                                               |.|
[7.008648000] dev=8 RADIO->APP (1 bytes)
    25                                               |%|
[7.009774000] dev=8 RADIO->APP (1 bytes)
    27                                               |'|
[7.038879000] dev=8 APP->RADIO (12 bytes)
    57 00 70 08 00 25 27 46 00 25 27 46              |W.p..%'F.%'F|
[7.069228000] dev=8 RADIO->APP (1 bytes)
    06                                               |.|
[7.085490000] dev=8 APP->RADIO (4 bytes)
    52 00 70 08                                      |R.p.|
[7.090851000] dev=8 RADIO->APP (1 bytes)
    57                                               |W|
[7.091973000] dev=8 RADIO->APP (1 bytes)
    00                                               |.|
[7.093055000] dev=8 RADIO->APP (1 bytes)
    70                                               |p|
[7.094171000] dev=8 RADIO->APP (1 bytes)
    08                                               |.|
[7.095376000] dev=8 RADIO->APP (1 bytes)
    00                                               |.|
[7.096429000] dev=8 RADIO->APP (1 bytes)
    25                                               |%|
[7.097624000] dev=8 RADIO->APP (1 bytes)
    27                                               |'|
[7.098750000] dev=8 RADIO->APP (1 bytes)
    46                                               |F|
[7.099877000] dev=8 RADIO->APP (1 bytes)
    00                                               |.|
[7.101052000] dev=8 RADIO->APP (1 bytes)
    25                                               |%|
[7.102151000] dev=8 RADIO->APP (1 bytes)
    27                                               |'|
[7.103278000] dev=8 RADIO->APP (1 bytes)
    46                                               |F|
[7.130992000] dev=8 APP->RADIO (12 bytes)
    57 00 78 08 54 c7 54 c7 ec 50 87 26              |W.x.T.T..P.&|
[7.161310000] dev=8 RADIO->APP (1 bytes)
    06                                               |.|
[7.177275000] dev=8 APP->RADIO (4 bytes)
    52 00 78 08                                      |R.x.|
[7.182650000] dev=8 RADIO->APP (1 bytes)
    57                                               |W|
[7.183778000] dev=8 RADIO->APP (1 bytes)
    00                                               |.|
[7.184905000] dev=8 RADIO->APP (1 bytes)
    78                                               |x|
[7.186052000] dev=8 RADIO->APP (1 bytes)
    08                                               |.|
[7.187113000] dev=8 RADIO->APP (1 bytes)
    54                                               |T|
[7.188298000] dev=8 RADIO->APP (1 bytes)
    c7                                               |.|
[7.189389000] dev=8 RADIO->APP (1 bytes)
    54                                               |T|
[7.190550000] dev=8 RADIO->APP (1 bytes)
    c7                                               |.|
[7.191675000] dev=8 RADIO->APP (1 bytes)
    ec                                               |.|
[7.192800000] dev=8 RADIO->APP (1 bytes)
    50                                               |P|
[7.193924000] dev=8 RADIO->APP (1 bytes)
    87                                               |.|
[7.195069000] dev=8 RADIO->APP (1 bytes)
    26                                               |&|
[7.224130000] dev=8 APP->RADIO (12 bytes)
    57 00 80 08 50 87 26 46 50 87 26 46              |W...P.&FP.&F|
[7.254453000] dev=8 RADIO->APP (1 bytes)
    06                                               |.|
[7.270240000] dev=8 APP->RADIO (4 bytes)
    52 00 80 08                                      |R...|
[7.275547000] dev=8 RADIO->APP (1 bytes)
    57                                               |W|
[7.276750000] dev=8 RADIO->APP (1 bytes)
    00                                               |.|
[7.277852000] dev=8 RADIO->APP (1 bytes)
    80                                               |.|
[7.278971000] dev=8 RADIO->APP (1 bytes)
    08                                               |.|
[7.280125000] dev=8 RADIO->APP (1 bytes)
    50                                               |P|
[7.281191000] dev=8 RADIO->APP (1 bytes)
    87                                               |.|
[7.282329000] dev=8 RADIO->APP (1 bytes)
    26                                               |&|
[7.283522000] dev=8 RADIO->APP (1 bytes)
    46                                               |F|
[7.284646000] dev=8 RADIO->APP (1 bytes)
    50                                               |P|
[7.285773000] dev=8 RADIO->APP (1 bytes)
    87                                               |.|
[7.286897000] dev=8 RADIO->APP (1 bytes)
    26                                               |&|
[7.288049000] dev=8 RADIO->APP (1 bytes)
    46                                               |F|
[7.316712000] dev=8 APP->RADIO (12 bytes)
    57 00 88 08 54 c7 54 c7 ec 50 12 27              |W...T.T..P.'|
[7.347051000] dev=8 RADIO->APP (1 bytes)
    06                                               |.|
[7.362740000] dev=8 APP->RADIO (4 bytes)
    52 00 88 08                                      |R...|
[7.368131000] dev=8 RADIO->APP (1 bytes)
    57                                               |W|
[7.369148000] dev=8 RADIO->APP (1 bytes)
    00                                               |.|
[7.370273000] dev=8 RADIO->APP (1 bytes)
    88                                               |.|
[7.371397000] dev=8 RADIO->APP (1 bytes)
    08                                               |.|
[7.372522000] dev=8 RADIO->APP (1 bytes)
    54                                               |T|
[7.373647000] dev=8 RADIO->APP (1 bytes)
    c7                                               |.|
[7.374773000] dev=8 RADIO->APP (1 bytes)
    54                                               |T|
[7.375978000] dev=8 RADIO->APP (1 bytes)
    c7                                               |.|
[7.377075000] dev=8 RADIO->APP (1 bytes)
    ec                                               |.|
[7.378199000] dev=8 RADIO->APP (1 bytes)
    50                                               |P|
[7.379323000] dev=8 RADIO->APP (1 bytes)
    12                                               |.|
[7.380524000] dev=8 RADIO->APP (1 bytes)
    27                                               |'|
[7.409965000] dev=8 APP->RADIO (12 bytes)
    57 00 90 08 50 12 27 46 50 12 27 46              |W...P.'FP.'F|
[7.440287000] dev=8 RADIO->APP (1 bytes)
    06                                               |.|
[7.455434000] dev=8 APP->RADIO (4 bytes)
    52 00 90 08                                      |R...|
[7.460810000] dev=8 RADIO->APP (1 bytes)
    57                                               |W|
[7.461924000] dev=8 RADIO->APP (1 bytes)
    00                                               |.|
[7.463077000] dev=8 RADIO->APP (1 bytes)
    90                                               |.|
[7.464135000] dev=8 RADIO->APP (1 bytes)
    08                                               |.|
[7.465324000] dev=8 RADIO->APP (1 bytes)
    50                                               |P|
[7.466448000] dev=8 RADIO->APP (1 bytes)
    12                                               |.|
[7.467574000] dev=8 RADIO->APP (1 bytes)
    27                                               |'|
[7.468700000] dev=8 RADIO->APP (1 bytes)
    46                                               |F|
[7.469826000] dev=8 RADIO->APP (1 bytes)
    50                                               |P|
[7.470954000] dev=8 RADIO->APP (1 bytes)
    12                                               |.|
[7.472100000] dev=8 RADIO->APP (1 bytes)
    27                                               |'|
[7.473174000] dev=8 RADIO->APP (1 bytes)
    46                                               |F|
[7.501937000] dev=8 APP->RADIO (12 bytes)
    57 00 98 08 54 c7 54 c7 ec 00 50 25              |W...T.T...P%|
[7.532279000] dev=8 RADIO->APP (1 bytes)
    06                                               |.|
[7.548162000] dev=8 APP->RADIO (4 bytes)
    52 00 98 08                                      |R...|
[7.553450000] dev=8 RADIO->APP (1 bytes)
    57                                               |W|
[7.554603000] dev=8 RADIO->APP (1 bytes)
    00                                               |.|
[7.555750000] dev=8 RADIO->APP (1 bytes)
    98                                               |.|
[7.556888000] dev=8 RADIO->APP (1 bytes)
    08                                               |.|
[7.558023000] dev=8 RADIO->APP (1 bytes)
    54                                               |T|
[7.559102000] dev=8 RADIO->APP (1 bytes)
    c7                                               |.|
[7.560308000] dev=8 RADIO->APP (1 bytes)
    54                                               |T|
[7.561378000] dev=8 RADIO->APP (1 bytes)
    c7                                               |.|
[7.562502000] dev=8 RADIO->APP (1 bytes)
    ec                                               |.|
[7.563622000] dev=8 RADIO->APP (1 bytes)
    00                                               |.|
[7.564796000] dev=8 RADIO->APP (1 bytes)
    50                                               |P|
[7.565916000] dev=8 RADIO->APP (1 bytes)
    25                                               |%|
[7.595128000] dev=8 APP->RADIO (12 bytes)
    57 00 a0 08 00 50 25 46 00 50 25 46              |W....P%F.P%F|
[7.625435000] dev=8 RADIO->APP (1 bytes)
    06                                               |.|
[7.636467000] dev=8 APP->RADIO (4 bytes)
    52 00 a0 08                                      |R...|
[7.641859000] dev=8 RADIO->APP (1 bytes)
    57                                               |W|
[7.642956000] dev=8 RADIO->APP (1 bytes)
    00                                               |.|
[7.644098000] dev=8 RADIO->APP (1 bytes)
    a0                                               |.|
[7.645224000] dev=8 RADIO->APP (1 bytes)
    08                                               |.|
[7.646280000] dev=8 RADIO->APP (1 bytes)
    00                                               |.|
[7.647475000] dev=8 RADIO->APP (1 bytes)
    50                                               |P|
[7.648600000] dev=8 RADIO->APP (1 bytes)
    25                                               |%|
[7.649725000] dev=8 RADIO->APP (1 bytes)
    46                                               |F|
[7.650849000] dev=8 RADIO->APP (1 bytes)
    00                                               |.|
[7.652036000] dev=8 RADIO->APP (1 bytes)
    50                                               |P|
[7.653100000] dev=8 RADIO->APP (1 bytes)
    25                                               |%|
[7.654249000] dev=8 RADIO->APP (1 bytes)
    46                                               |F|
[7.682352000] dev=8 APP->RADIO (12 bytes)
    57 00 a8 08 54 c7 54 c7 ec 00 75 25              |W...T.T...u%|
[7.712678000] dev=8 RADIO->APP (1 bytes)
    06                                               |.|
[7.729155000] dev=8 APP->RADIO (4 bytes)
    52 00 a8 08                                      |R...|
[7.734499000] dev=8 RADIO->APP (1 bytes)
    57                                               |W|
[7.735597000] dev=8 RADIO->APP (1 bytes)
    00                                               |.|
[7.736722000] dev=8 RADIO->APP (1 bytes)
    a8                                               |.|
[7.737874000] dev=8 RADIO->APP (1 bytes)
    08                                               |.|
[7.738998000] dev=8 RADIO->APP (1 bytes)
    54                                               |T|
[7.740119000] dev=8 RADIO->APP (1 bytes)
    c7                                               |.|
[7.741251000] dev=8 RADIO->APP (1 bytes)
    54                                               |T|
[7.742347000] dev=8 RADIO->APP (1 bytes)
    c7                                               |.|
[7.743493000] dev=8 RADIO->APP (1 bytes)
    ec                                               |.|
[7.744600000] dev=8 RADIO->APP (1 bytes)
    00                                               |.|
[7.745859000] dev=8 RADIO->APP (1 bytes)
    75                                               |u|
[7.746901000] dev=8 RADIO->APP (1 bytes)
    25                                               |%|
[7.776314000] dev=8 APP->RADIO (12 bytes)
    57 00 b0 08 00 75 25 46 00 75 25 46              |W....u%F.u%F|
[7.806631000] dev=8 RADIO->APP (1 bytes)
    06                                               |.|
[7.821862000] dev=8 APP->RADIO (4 bytes)
    52 00 b0 08                                      |R...|
[7.827200000] dev=8 RADIO->APP (1 bytes)
    57                                               |W|
[7.828322000] dev=8 RADIO->APP (1 bytes)
    00                                               |.|
[7.829448000] dev=8 RADIO->APP (1 bytes)
    b0                                               |.|
[7.830595000] dev=8 RADIO->APP (1 bytes)
    08                                               |.|
[7.831727000] dev=8 RADIO->APP (1 bytes)
    00                                               |.|
[7.832850000] dev=8 RADIO->APP (1 bytes)
    75                                               |u|
[7.834037000] dev=8 RADIO->APP (1 bytes)
    25                                               |%|
[7.835098000] dev=8 RADIO->APP (1 bytes)
    46                                               |F|
[7.836222000] dev=8 RADIO->APP (1 bytes)
    00                                               |.|
[7.837330000] dev=8 RADIO->APP (1 bytes)
    75                                               |u|
[7.838510000] dev=8 RADIO->APP (1 bytes)
    25                                               |%|
[7.839660000] dev=8 RADIO->APP (1 bytes)
    46                                               |F|
[7.867764000] dev=8 APP->RADIO (12 bytes)
    57 00 b8 08 54 c7 54 c7 ec 00 00 26              |W...T.T....&|
[7.898102000] dev=8 RADIO->APP (1 bytes)
    06                                               |.|
[7.913405000] dev=8 APP->RADIO (4 bytes)
    52 00 b8 08                                      |R...|
[7.918705000] dev=8 RADIO->APP (1 bytes)
    57                                               |W|
[7.919824000] dev=8 RADIO->APP (1 bytes)
    00                                               |.|
[7.920973000] dev=8 RADIO->APP (1 bytes)
    b8                                               |.|
[7.922098000] dev=8 RADIO->APP (1 bytes)
    08                                               |.|
[7.923231000] dev=8 RADIO->APP (1 bytes)
    54                                               |T|
[7.924321000] dev=8 RADIO->APP (1 bytes)
    c7                                               |.|
[7.925474000] dev=8 RADIO->APP (1 bytes)
    54                                               |T|
[7.926601000] dev=8 RADIO->APP (1 bytes)
    c7                                               |.|
[7.927699000] dev=8 RADIO->APP (1 bytes)
    ec                                               |.|
[7.928851000] dev=8 RADIO->APP (1 bytes)
    00                                               |.|
[7.929977000] dev=8 RADIO->APP (1 bytes)
    00                                               |.|
[7.931123000] dev=8 RADIO->APP (1 bytes)
    26                                               |&|
[7.959447000] dev=8 APP->RADIO (12 bytes)
    57 00 c0 08 00 00 26 46 00 00 26 46              |W.....&F..&F|
[7.989765000] dev=8 RADIO->APP (1 bytes)
    06                                               |.|
[8.005503000] dev=8 APP->RADIO (4 bytes)
    52 00 c0 08                                      |R...|
[8.010799000] dev=8 RADIO->APP (1 bytes)
    57                                               |W|
[8.011974000] dev=8 RADIO->APP (1 bytes)
    00                                               |.|
[8.013057000] dev=8 RADIO->APP (1 bytes)
    c0                                               |.|
[8.014192000] dev=8 RADIO->APP (1 bytes)
    08                                               |.|
[8.015324000] dev=8 RADIO->APP (1 bytes)
    00                                               |.|
[8.016447000] dev=8 RADIO->APP (1 bytes)
    00                                               |.|
[8.017574000] dev=8 RADIO->APP (1 bytes)
    26                                               |&|
[8.018699000] dev=8 RADIO->APP (1 bytes)
    46                                               |F|
[8.019824000] dev=8 RADIO->APP (1 bytes)
    00                                               |.|
[8.020974000] dev=8 RADIO->APP (1 bytes)
    00                                               |.|
[8.022069000] dev=8 RADIO->APP (1 bytes)
    26                                               |&|
[8.023199000] dev=8 RADIO->APP (1 bytes)
    46                                               |F|
[8.052418000] dev=8 APP->RADIO (12 bytes)
    57 00 c8 08 54 c7 54 c7 ec 00 50 26              |W...T.T...P&|
[8.082735000] dev=8 RADIO->APP (1 bytes)
    06                                               |.|
[8.098431000] dev=8 APP->RADIO (4 bytes)
    52 00 c8 08                                      |R...|
[8.103720000] dev=8 RADIO->APP (1 bytes)
    57                                               |W|
[8.104873000] dev=8 RADIO->APP (1 bytes)
    00                                               |.|
[8.105998000] dev=8 RADIO->APP (1 bytes)
    c8                                               |.|
[8.107124000] dev=8 RADIO->APP (1 bytes)
    08                                               |.|
[8.108245000] dev=8 RADIO->APP (1 bytes)
    54                                               |T|
[8.109350000] dev=8 RADIO->APP (1 bytes)
    c7                                               |.|
[8.110474000] dev=8 RADIO->APP (1 bytes)
    54                                               |T|
[8.111627000] dev=8 RADIO->APP (1 bytes)
    c7                                               |.|
[8.112748000] dev=8 RADIO->APP (1 bytes)
    ec                                               |.|
[8.113876000] dev=8 RADIO->APP (1 bytes)
    00                                               |.|
[8.114974000] dev=8 RADIO->APP (1 bytes)
    50                                               |P|
[8.116102000] dev=8 RADIO->APP (1 bytes)
    26                                               |&|
[8.144877000] dev=8 APP->RADIO (12 bytes)
    57 00 d0 08 00 50 26 46 00 50 26 46              |W....P&F.P&F|
[8.175234000] dev=8 RADIO->APP (1 bytes)
    06                                               |.|
[8.191275000] dev=8 APP->RADIO (4 bytes)
    52 00 d0 08                                      |R...|
[8.196561000] dev=8 RADIO->APP (1 bytes)
    57                                               |W|
[8.197706000] dev=8 RADIO->APP (1 bytes)
    00                                               |.|
[8.198854000] dev=8 RADIO->APP (1 bytes)
    d0                                               |.|
[8.199950000] dev=8 RADIO->APP (1 bytes)
    08                                               |.|
[8.201079000] dev=8 RADIO->APP (1 bytes)
    00                                               |.|
[8.202207000] dev=8 RADIO->APP (1 bytes)
    50                                               |P|
[8.203346000] dev=8 RADIO->APP (1 bytes)
    26                                               |&|
[8.204477000] dev=8 RADIO->APP (1 bytes)
    46                                               |F|
[8.205620000] dev=8 RADIO->APP (1 bytes)
    00                                               |.|
[8.206704000] dev=8 RADIO->APP (1 bytes)
    50                                               |P|
[8.207830000] dev=8 RADIO->APP (1 bytes)
    26                                               |&|
[8.208958000] dev=8 RADIO->APP (1 bytes)
    46                                               |F|
[8.236731000] dev=8 APP->RADIO (12 bytes)
    57 00 d8 08 54 c7 54 c7 ec 00 75 26              |W...T.T...u&|
[8.267083000] dev=8 RADIO->APP (1 bytes)
    06                                               |.|
[8.283191000] dev=8 APP->RADIO (4 bytes)
    52 00 d8 08                                      |R...|
[8.288506000] dev=8 RADIO->APP (1 bytes)
    57                                               |W|
[8.289634000] dev=8 RADIO->APP (1 bytes)
    00                                               |.|
[8.290749000] dev=8 RADIO->APP (1 bytes)
    d8                                               |.|
[8.291887000] dev=8 RADIO->APP (1 bytes)
    08                                               |.|
[8.293004000] dev=8 RADIO->APP (1 bytes)
    54                                               |T|
[8.294127000] dev=8 RADIO->APP (1 bytes)
    c7                                               |.|
[8.295251000] dev=8 RADIO->APP (1 bytes)
    54                                               |T|
[8.296352000] dev=8 RADIO->APP (1 bytes)
    c7                                               |.|
[8.297501000] dev=8 RADIO->APP (1 bytes)
    ec                                               |.|
[8.298598000] dev=8 RADIO->APP (1 bytes)
    00                                               |.|
[8.299776000] dev=8 RADIO->APP (1 bytes)
    75                                               |u|
[8.300976000] dev=8 RADIO->APP (1 bytes)
    26                                               |&|
[8.328858000] dev=8 APP->RADIO (12 bytes)
    57 00 e0 08 00 75 26 46 00 75 26 46              |W....u&F.u&F|
[8.359203000] dev=8 RADIO->APP (1 bytes)
    06                                               |.|
[8.360694000] dev=8 APP->RADIO (4 bytes)
    52 00 e0 08                                      |R...|
[8.366005000] dev=8 RADIO->APP (1 bytes)
    57                                               |W|
[8.367124000] dev=8 RADIO->APP (1 bytes)
    00                                               |.|
[8.368250000] dev=8 RADIO->APP (1 bytes)
    e0                                               |.|
[8.369374000] dev=8 RADIO->APP (1 bytes)
    08                                               |.|
[8.370499000] dev=8 RADIO->APP (1 bytes)
    00                                               |.|
[8.371624000] dev=8 RADIO->APP (1 bytes)
    75                                               |u|
[8.372750000] dev=8 RADIO->APP (1 bytes)
    26                                               |&|
[8.373874000] dev=8 RADIO->APP (1 bytes)
    46                                               |F|
[8.375000000] dev=8 RADIO->APP (1 bytes)
    00                                               |.|
[8.376125000] dev=8 RADIO->APP (1 bytes)
    75                                               |u|
[8.377249000] dev=8 RADIO->APP (1 bytes)
    26                                               |&|
[8.378380000] dev=8 RADIO->APP (1 bytes)
    46                                               |F|
[8.406332000] dev=8 APP->RADIO (12 bytes)
    57 00 e8 08 54 c7 54 c7 ec 00 00 27              |W...T.T....'|
[8.436682000] dev=8 RADIO->APP (1 bytes)
    06                                               |.|
[8.452784000] dev=8 APP->RADIO (4 bytes)
    52 00 e8 08                                      |R...|
[8.458073000] dev=8 RADIO->APP (1 bytes)
    57                                               |W|
[8.459217000] dev=8 RADIO->APP (1 bytes)
    00                                               |.|
[8.460335000] dev=8 RADIO->APP (1 bytes)
    e8                                               |.|
[8.461460000] dev=8 RADIO->APP (1 bytes)
    08                                               |.|
[8.462583000] dev=8 RADIO->APP (1 bytes)
    54                                               |T|
[8.463707000] dev=8 RADIO->APP (1 bytes)
    c7                                               |.|
[8.464832000] dev=8 RADIO->APP (1 bytes)
    54                                               |T|
[8.465953000] dev=8 RADIO->APP (1 bytes)
    c7                                               |.|
[8.467078000] dev=8 RADIO->APP (1 bytes)
    ec                                               |.|
[8.468226000] dev=8 RADIO->APP (1 bytes)
    00                                               |.|
[8.469362000] dev=8 RADIO->APP (1 bytes)
    00                                               |.|
[8.470485000] dev=8 RADIO->APP (1 bytes)
    27                                               |'|
[8.499096000] dev=8 APP->RADIO (12 bytes)
    57 00 f0 08 00 00 27 46 00 00 27 46              |W.....'F..'F|
[8.529411000] dev=8 RADIO->APP (1 bytes)
    06                                               |.|
[8.546079000] dev=8 APP->RADIO (4 bytes)
    52 00 f0 08                                      |R...|
[8.551385000] dev=8 RADIO->APP (1 bytes)
    57                                               |W|
[8.552504000] dev=8 RADIO->APP (1 bytes)
    00                                               |.|
[8.553631000] dev=8 RADIO->APP (1 bytes)
    f0                                               |.|
[8.554755000] dev=8 RADIO->APP (1 bytes)
    08                                               |.|
[8.555955000] dev=8 RADIO->APP (1 bytes)
    00                                               |.|
[8.557005000] dev=8 RADIO->APP (1 bytes)
    00                                               |.|
[8.558132000] dev=8 RADIO->APP (1 bytes)
    27                                               |'|
[8.559268000] dev=8 RADIO->APP (1 bytes)
    46                                               |F|
[8.560377000] dev=8 RADIO->APP (1 bytes)
    00                                               |.|
[8.561526000] dev=8 RADIO->APP (1 bytes)
    00                                               |.|
[8.562657000] dev=8 RADIO->APP (1 bytes)
    27                                               |'|
[8.563800000] dev=8 RADIO->APP (1 bytes)
    46                                               |F|
[8.592471000] dev=8 APP->RADIO (12 bytes)
    57 00 f8 08 54 c7 54 c7 ec 00 25 27              |W...T.T...%'|
[8.622810000] dev=8 RADIO->APP (1 bytes)
    06                                               |.|
[8.638490000] dev=8 APP->RADIO (4 bytes)
    52 00 f8 08                                      |R...|
[8.643814000] dev=8 RADIO->APP (1 bytes)
    57                                               |W|
[8.644950000] dev=8 RADIO->APP (1 bytes)
    00                                               |.|
[8.646049000] dev=8 RADIO->APP (1 bytes)
    f8                                               |.|
[8.647171000] dev=8 RADIO->APP (1 bytes)
    08                                               |.|
[8.648309000] dev=8 RADIO->APP (1 bytes)
    54                                               |T|
[8.649398000] dev=8 RADIO->APP (1 bytes)
    c7                                               |.|
[8.650525000] dev=8 RADIO->APP (1 bytes)
    54                                               |T|
[8.651675000] dev=8 RADIO->APP (1 bytes)
    c7                                               |.|
[8.652821000] dev=8 RADIO->APP (1 bytes)
    ec                                               |.|
[8.653974000] dev=8 RADIO->APP (1 bytes)
    00                                               |.|
[8.655074000] dev=8 RADIO->APP (1 bytes)
    25                                               |%|
[8.656206000] dev=8 RADIO->APP (1 bytes)
    27                                               |'|
[8.684431000] dev=8 APP->RADIO (12 bytes)
    57 01 00 08 00 25 27 46 00 25 27 46              |W....%'F.%'F|
[8.714763000] dev=8 RADIO->APP (1 bytes)
    06                                               |.|
[8.730558000] dev=8 APP->RADIO (4 bytes)
    52 01 00 08                                      |R...|
[8.735856000] dev=8 RADIO->APP (1 bytes)
    57                                               |W|
[8.736973000] dev=8 RADIO->APP (1 bytes)
    01                                               |.|
[8.738099000] dev=8 RADIO->APP (1 bytes)
    00                                               |.|
[8.739222000] dev=8 RADIO->APP (1 bytes)
    08                                               |.|
[8.740347000] dev=8 RADIO->APP (1 bytes)
    00                                               |.|
[8.741472000] dev=8 RADIO->APP (1 bytes)
    25                                               |%|
[8.742601000] dev=8 RADIO->APP (1 bytes)
    27                                               |'|
[8.743707000] dev=8 RADIO->APP (1 bytes)
    46                                               |F|
[8.744852000] dev=8 RADIO->APP (1 bytes)
    00                                               |.|
[8.745978000] dev=8 RADIO->APP (1 bytes)
    25                                               |%|
[8.747125000] dev=8 RADIO->APP (1 bytes)
    27                                               |'|
[8.748248000] dev=8 RADIO->APP (1 bytes)
    46                                               |F|
[8.776368000] dev=8 APP->RADIO (12 bytes)
    57 01 08 08 54 c7 54 c7 ec 00 05 ff              |W...T.T.....|
[8.806657000] dev=8 RADIO->APP (1 bytes)
    06                                               |.|
[8.822249000] dev=8 APP->RADIO (4 bytes)
    52 01 08 08                                      |R...|
[8.827553000] dev=8 RADIO->APP (1 bytes)
    57                                               |W|
[8.828673000] dev=8 RADIO->APP (1 bytes)
    01                                               |.|
[8.829799000] dev=8 RADIO->APP (1 bytes)
    08                                               |.|
[8.830976000] dev=8 RADIO->APP (1 bytes)
    08                                               |.|
[8.832044000] dev=8 RADIO->APP (1 bytes)
    54                                               |T|
[8.833174000] dev=8 RADIO->APP (1 bytes)
    c7                                               |.|
[8.834277000] dev=8 RADIO->APP (1 bytes)
    54                                               |T|
[8.835449000] dev=8 RADIO->APP (1 bytes)
    c7                                               |.|
[8.836572000] dev=8 RADIO->APP (1 bytes)
    ec                                               |.|
[8.837698000] dev=8 RADIO->APP (1 bytes)
    00                                               |.|
[8.838799000] dev=8 RADIO->APP (1 bytes)
    05                                               |.|
[8.839974000] dev=8 RADIO->APP (1 bytes)
    ff                                               |.|
[8.868298000] dev=8 APP->RADIO (12 bytes)
    57 01 10 08 ff ff ff ff ff ff ff ff              |W...........|
[8.881851000] dev=8 RADIO->APP (1 bytes)
    06                                               |.|
[8.883180000] dev=8 APP->RADIO (12 bytes)
    57 01 18 08 ff ff ff ff ff ff ff ff              |W...........|
[8.896734000] dev=8 RADIO->APP (1 bytes)
    06                                               |.|
[8.898492000] dev=8 APP->RADIO (12 bytes)
    57 01 20 08 ff ff ff ff ff ff ff ff              |W. .........|
[8.912030000] dev=8 RADIO->APP (1 bytes)
    06                                               |.|
[8.928059000] dev=8 APP->RADIO (12 bytes)
    57 01 28 08 ff ff ff ff ff ff ff ff              |W.(.........|
[8.941602000] dev=8 RADIO->APP (1 bytes)
    06                                               |.|
[8.943703000] dev=8 APP->RADIO (12 bytes)
    57 01 30 08 ff ff ff ff ff ff ff ff              |W.0.........|
[8.957251000] dev=8 RADIO->APP (1 bytes)
    06                                               |.|
[8.959401000] dev=8 APP->RADIO (12 bytes)
    57 01 38 08 ff ff ff ff ff ff ff ff              |W.8.........|
[8.972976000] dev=8 RADIO->APP (1 bytes)
    06                                               |.|
[8.974950000] dev=8 APP->RADIO (12 bytes)
    57 01 40 08 ff ff ff ff ff ff ff ff              |W.@.........|
[8.988476000] dev=8 RADIO->APP (1 bytes)
    06                                               |.|
[8.990634000] dev=8 APP->RADIO (12 bytes)
    57 01 48 08 ff ff ff ff ff ff ff ff              |W.H.........|
[9.004161000] dev=8 RADIO->APP (1 bytes)
    06                                               |.|
[9.006035000] dev=8 APP->RADIO (12 bytes)
    57 01 50 08 ff ff ff ff ff ff ff ff              |W.P.........|
[9.019581000] dev=8 RADIO->APP (1 bytes)
    06                                               |.|
[9.021605000] dev=8 APP->RADIO (12 bytes)
    57 01 58 08 ff ff ff ff ff ff ff ff              |W.X.........|
[9.035137000] dev=8 RADIO->APP (1 bytes)
    06                                               |.|
[9.051560000] dev=8 APP->RADIO (12 bytes)
    57 01 60 08 ff ff ff ff ff ff ff ff              |W.`.........|
[9.065132000] dev=8 RADIO->APP (1 bytes)
    06                                               |.|
[9.067126000] dev=8 APP->RADIO (12 bytes)
    57 01 68 08 ff ff ff ff ff ff ff ff              |W.h.........|
[9.080663000] dev=8 RADIO->APP (1 bytes)
    06                                               |.|
[9.082419000] dev=8 APP->RADIO (12 bytes)
    57 01 70 08 ff ff ff ff ff ff ff ff              |W.p.........|
[9.095951000] dev=8 RADIO->APP (1 bytes)
    06                                               |.|
[9.097430000] dev=8 APP->RADIO (12 bytes)
    57 01 78 08 ff ff ff ff ff ff ff ff              |W.x.........|
[9.110980000] dev=8 RADIO->APP (1 bytes)
    06                                               |.|
[9.112603000] dev=8 APP->RADIO (12 bytes)
    57 01 80 08 ff ff ff ff ff ff ff ff              |W...........|
[9.126133000] dev=8 RADIO->APP (1 bytes)
    06                                               |.|
[9.128584000] dev=8 APP->RADIO (12 bytes)
    57 01 88 08 ff ff ff ff ff ff ff ff              |W...........|
[9.142131000] dev=8 RADIO->APP (1 bytes)
    06                                               |.|
[9.144022000] dev=8 APP->RADIO (12 bytes)
    57 01 90 08 ff ff ff ff ff ff ff ff              |W...........|
[9.157559000] dev=8 RADIO->APP (1 bytes)
    06                                               |.|
[9.159528000] dev=8 APP->RADIO (12 bytes)
    57 01 98 08 ff ff ff ff ff ff ff ff              |W...........|
[9.173066000] dev=8 RADIO->APP (1 bytes)
    06                                               |.|
[9.174932000] dev=8 APP->RADIO (12 bytes)
    57 01 a0 08 ff ff ff ff ff ff ff ff              |W...........|
[9.188460000] dev=8 RADIO->APP (1 bytes)
    06                                               |.|
[9.189980000] dev=8 APP->RADIO (12 bytes)
    57 01 a8 08 ff ff ff ff ff ff ff ff              |W...........|
[9.203512000] dev=8 RADIO->APP (1 bytes)
    06                                               |.|
[9.205371000] dev=8 APP->RADIO (12 bytes)
    57 01 b0 08 ff ff ff ff ff ff ff ff              |W...........|
[9.218953000] dev=8 RADIO->APP (1 bytes)
    06                                               |.|
[9.221120000] dev=8 APP->RADIO (12 bytes)
    57 01 b8 08 ff ff ff ff ff ff ff ff              |W...........|
[9.234661000] dev=8 RADIO->APP (1 bytes)
    06                                               |.|
[9.237110000] dev=8 APP->RADIO (12 bytes)
    57 01 c0 08 ff ff ff ff ff ff ff ff              |W...........|
[9.250635000] dev=8 RADIO->APP (1 bytes)
    06                                               |.|
[9.252175000] dev=8 APP->RADIO (12 bytes)
    57 01 c8 08 ff ff ff ff ff ff ff ff              |W...........|
[9.265704000] dev=8 RADIO->APP (1 bytes)
    06                                               |.|
[9.268091000] dev=8 APP->RADIO (12 bytes)
    57 01 d0 08 ff ff ff ff ff ff ff ff              |W...........|
[9.281625000] dev=8 RADIO->APP (1 bytes)
    06                                               |.|
[9.283112000] dev=8 APP->RADIO (12 bytes)
    57 01 d8 08 ff ff ff ff ff ff ff ff              |W...........|
[9.296634000] dev=8 RADIO->APP (1 bytes)
    06                                               |.|
[9.298507000] dev=8 APP->RADIO (12 bytes)
    57 01 e0 08 ff ff ff ff ff ff ff ff              |W...........|
[9.312025000] dev=8 RADIO->APP (1 bytes)
    06                                               |.|
[9.313545000] dev=8 APP->RADIO (12 bytes)
    57 01 e8 08 ff ff ff ff ff ff ff ff              |W...........|
[9.327100000] dev=8 RADIO->APP (1 bytes)
    06                                               |.|
[9.329076000] dev=8 APP->RADIO (12 bytes)
    57 01 f0 08 ff ff ff ff ff ff ff ff              |W...........|
[9.342605000] dev=8 RADIO->APP (1 bytes)
    06                                               |.|
[9.345447000] dev=8 APP->RADIO (12 bytes)
    57 01 f8 08 ff ff ff ff ff ff ff ff              |W...........|
[9.359000000] dev=8 RADIO->APP (1 bytes)
    06                                               |.|
[9.361129000] dev=8 APP->RADIO (12 bytes)
    57 02 00 08 ff ff ff ff ff ff ff ff              |W...........|
[9.374659000] dev=8 RADIO->APP (1 bytes)
    06                                               |.|
[9.377017000] dev=8 APP->RADIO (12 bytes)
    57 02 08 08 ff ff ff ff ff ff ff ff              |W...........|
[9.390547000] dev=8 RADIO->APP (1 bytes)
    06                                               |.|
[9.393063000] dev=8 APP->RADIO (12 bytes)
    57 02 10 08 ff ff ff ff ff ff ff ff              |W...........|
[9.406624000] dev=8 RADIO->APP (1 bytes)
    06                                               |.|
[9.408351000] dev=8 APP->RADIO (12 bytes)
    57 02 18 08 ff ff ff ff ff ff ff ff              |W...........|
[9.421972000] dev=8 RADIO->APP (1 bytes)
    06                                               |.|
[9.424374000] dev=8 APP->RADIO (12 bytes)
    57 02 20 08 ff ff ff ff ff ff ff ff              |W. .........|
[9.437954000] dev=8 RADIO->APP (1 bytes)
    06                                               |.|
[9.440009000] dev=8 APP->RADIO (12 bytes)
    57 02 28 08 ff ff ff ff ff ff ff ff              |W.(.........|
[9.453552000] dev=8 RADIO->APP (1 bytes)
    06                                               |.|
[9.455427000] dev=8 APP->RADIO (12 bytes)
    57 02 30 08 ff ff ff ff ff ff ff ff              |W.0.........|
[9.468974000] dev=8 RADIO->APP (1 bytes)
    06                                               |.|
[9.470872000] dev=8 APP->RADIO (12 bytes)
    57 02 38 08 ff ff ff ff ff ff ff ff              |W.8.........|
[9.484450000] dev=8 RADIO->APP (1 bytes)
    06                                               |.|
[9.486880000] dev=8 APP->RADIO (12 bytes)
    57 02 40 08 ff ff ff ff ff ff ff ff              |W.@.........|
[9.500427000] dev=8 RADIO->APP (1 bytes)
    06                                               |.|
[9.501914000] dev=8 APP->RADIO (12 bytes)
    57 02 48 08 ff ff ff ff ff ff ff ff              |W.H.........|
[9.515450000] dev=8 RADIO->APP (1 bytes)
    06                                               |.|
[9.517928000] dev=8 APP->RADIO (12 bytes)
    57 02 50 08 ff ff ff ff ff ff ff ff              |W.P.........|
[9.531455000] dev=8 RADIO->APP (1 bytes)
    06                                               |.|
[9.533279000] dev=8 APP->RADIO (12 bytes)
    57 02 58 08 ff ff ff ff ff ff ff ff              |W.X.........|
[9.546828000] dev=8 RADIO->APP (1 bytes)
    06                                               |.|
[9.549303000] dev=8 APP->RADIO (12 bytes)
    57 02 60 08 ff ff ff ff ff ff ff ff              |W.`.........|
[9.562831000] dev=8 RADIO->APP (1 bytes)
    06                                               |.|
[9.565221000] dev=8 APP->RADIO (12 bytes)
    57 02 68 08 ff ff ff ff ff ff ff ff              |W.h.........|
[9.578752000] dev=8 RADIO->APP (1 bytes)
    06                                               |.|
[9.580292000] dev=8 APP->RADIO (12 bytes)
    57 02 70 08 ff ff ff ff ff ff ff ff              |W.p.........|
[9.593849000] dev=8 RADIO->APP (1 bytes)
    06                                               |.|
[9.595678000] dev=8 APP->RADIO (12 bytes)
    57 02 78 08 ff ff ff ff ff ff ff ff              |W.x.........|
[9.609206000] dev=8 RADIO->APP (1 bytes)
    06                                               |.|
[9.611306000] dev=8 APP->RADIO (12 bytes)
    57 02 80 08 ff ff ff ff ff ff ff ff              |W...........|
[9.624850000] dev=8 RADIO->APP (1 bytes)
    06                                               |.|
[9.626512000] dev=8 APP->RADIO (12 bytes)
    57 02 88 08 ff ff ff ff ff ff ff ff              |W...........|
[9.640050000] dev=8 RADIO->APP (1 bytes)
    06                                               |.|
[9.642136000] dev=8 APP->RADIO (12 bytes)
    57 02 90 08 ff ff ff ff ff ff ff ff              |W...........|
[9.655675000] dev=8 RADIO->APP (1 bytes)
    06                                               |.|
[9.657738000] dev=8 APP->RADIO (12 bytes)
    57 02 98 08 ff ff ff ff ff ff ff ff              |W...........|
[9.671275000] dev=8 RADIO->APP (1 bytes)
    06                                               |.|
[9.672774000] dev=8 APP->RADIO (12 bytes)
    57 02 a0 08 ff ff ff ff ff ff ff ff              |W...........|
[9.686328000] dev=8 RADIO->APP (1 bytes)
    06                                               |.|
[9.688176000] dev=8 APP->RADIO (12 bytes)
    57 02 a8 08 ff ff ff ff ff ff ff ff              |W...........|
[9.701723000] dev=8 RADIO->APP (1 bytes)
    06                                               |.|
[9.703511000] dev=8 APP->RADIO (12 bytes)
    57 02 b0 08 ff ff ff ff ff ff ff ff              |W...........|
[9.717030000] dev=8 RADIO->APP (1 bytes)
    06                                               |.|
[9.719504000] dev=8 APP->RADIO (12 bytes)
    57 02 b8 08 ff ff ff ff ff ff ff ff              |W...........|
[9.733023000] dev=8 RADIO->APP (1 bytes)
    06                                               |.|
[9.734607000] dev=8 APP->RADIO (12 bytes)
    57 02 c0 08 ff ff ff ff ff ff ff ff              |W...........|
[9.748153000] dev=8 RADIO->APP (1 bytes)
    06                                               |.|
[9.750225000] dev=8 APP->RADIO (12 bytes)
    57 02 c8 08 ff ff ff ff ff ff ff ff              |W...........|
[9.763757000] dev=8 RADIO->APP (1 bytes)
    06                                               |.|
[9.765350000] dev=8 APP->RADIO (12 bytes)
    57 02 d0 08 ff ff ff ff ff ff ff ff              |W...........|
[9.778974000] dev=8 RADIO->APP (1 bytes)
    06                                               |.|
[9.781282000] dev=8 APP->RADIO (12 bytes)
    57 02 d8 08 ff ff ff ff ff ff ff ff              |W...........|
[9.794803000] dev=8 RADIO->APP (1 bytes)
    06                                               |.|
[9.796714000] dev=8 APP->RADIO (12 bytes)
    57 02 e0 08 ff ff ff ff ff ff ff ff              |W...........|
[9.810249000] dev=8 RADIO->APP (1 bytes)
    06                                               |.|
[9.812346000] dev=8 APP->RADIO (12 bytes)
    57 02 e8 08 ff ff ff ff ff ff ff ff              |W...........|
[9.825951000] dev=8 RADIO->APP (1 bytes)
    06                                               |.|
[9.827801000] dev=8 APP->RADIO (12 bytes)
    57 02 f0 08 ff ff ff ff ff ff ff ff              |W...........|
[9.841330000] dev=8 RADIO->APP (1 bytes)
    06                                               |.|
[9.842726000] dev=8 APP->RADIO (12 bytes)
    57 02 f8 08 ff ff ff ff ff ff ff ff              |W...........|
[9.856273000] dev=8 RADIO->APP (1 bytes)
    06                                               |.|
[9.858658000] dev=8 APP->RADIO (12 bytes)
    57 03 00 08 ff ff ff ff ff ff ff ff              |W...........|
[9.872200000] dev=8 RADIO->APP (1 bytes)
    06                                               |.|
[9.874659000] dev=8 APP->RADIO (12 bytes)
    57 03 08 08 ff ff ff ff ff ff ff ff              |W...........|
[9.888202000] dev=8 RADIO->APP (1 bytes)
    06                                               |.|
[9.890040000] dev=8 APP->RADIO (12 bytes)
    57 03 10 08 ff ff ff ff ff ff ff ff              |W...........|
[9.903577000] dev=8 RADIO->APP (1 bytes)
    06                                               |.|
[9.905404000] dev=8 APP->RADIO (12 bytes)
    57 03 18 08 ff ff ff ff ff ff ff ff              |W...........|
[9.918980000] dev=8 RADIO->APP (1 bytes)
    06                                               |.|
[9.920712000] dev=8 APP->RADIO (12 bytes)
    57 03 20 08 ff ff ff ff ff ff ff ff              |W. .........|
[9.934273000] dev=8 RADIO->APP (1 bytes)
    06                                               |.|
[9.936697000] dev=8 APP->RADIO (12 bytes)
    57 03 28 08 ff ff ff ff ff ff ff ff              |W.(.........|
[9.950254000] dev=8 RADIO->APP (1 bytes)
    06                                               |.|
[9.952248000] dev=8 APP->RADIO (12 bytes)
    57 03 30 08 ff ff ff ff ff ff ff ff              |W.0.........|
[9.965785000] dev=8 RADIO->APP (1 bytes)
    06                                               |.|
[9.967936000] dev=8 APP->RADIO (12 bytes)
    57 03 38 08 ff ff ff ff ff ff ff ff              |W.8.........|
[9.981474000] dev=8 RADIO->APP (1 bytes)
    06                                               |.|
[9.983431000] dev=8 APP->RADIO (12 bytes)
    57 03 40 08 ff ff ff ff ff ff ff ff              |W.@.........|
[9.996952000] dev=8 RADIO->APP (1 bytes)
    06                                               |.|
[9.999453000] dev=8 APP->RADIO (12 bytes)
    57 03 48 08 ff ff ff ff ff ff ff ff              |W.H.........|
[10.013002000] dev=8 RADIO->APP (1 bytes)
    06                                               |.|
[10.021376000] dev=8 APP->RADIO (12 bytes)
    57 03 50 08 ff ff ff ff ff ff ff ff              |W.P.........|
[10.034980000] dev=8 RADIO->APP (1 bytes)
    06                                               |.|
[10.036829000] dev=8 APP->RADIO (12 bytes)
    57 03 58 08 ff ff ff ff ff ff ff ff              |W.X.........|
[10.050363000] dev=8 RADIO->APP (1 bytes)
    06                                               |.|
[10.052870000] dev=8 APP->RADIO (12 bytes)
    57 03 60 08 ff ff ff ff ff ff ff ff              |W.`.........|
[10.066425000] dev=8 RADIO->APP (1 bytes)
    06                                               |.|
[10.068877000] dev=8 APP->RADIO (12 bytes)
    57 03 68 08 ff ff ff ff ff ff ff ff              |W.h.........|
[10.082449000] dev=8 RADIO->APP (1 bytes)
    06                                               |.|
[10.084855000] dev=8 APP->RADIO (12 bytes)
    57 03 70 08 ff ff ff ff ff ff ff ff              |W.p.........|
[10.098451000] dev=8 RADIO->APP (1 bytes)
    06                                               |.|
[10.100138000] dev=8 APP->RADIO (12 bytes)
    57 03 78 08 ff ff ff ff ff ff ff ff              |W.x.........|
[10.113697000] dev=8 RADIO->APP (1 bytes)
    06                                               |.|
[10.115423000] dev=8 APP->RADIO (12 bytes)
    57 03 80 08 ff ff ff ff ff ff ff ff              |W...........|
[10.128977000] dev=8 RADIO->APP (1 bytes)
    06                                               |.|
[10.130943000] dev=8 APP->RADIO (12 bytes)
    57 03 88 08 ff ff ff ff ff ff ff ff              |W...........|
[10.144482000] dev=8 RADIO->APP (1 bytes)
    06                                               |.|
[10.146968000] dev=8 APP->RADIO (12 bytes)
    57 03 90 08 ff ff ff ff ff ff ff ff              |W...........|
[10.160532000] dev=8 RADIO->APP (1 bytes)
    06                                               |.|
[10.162975000] dev=8 APP->RADIO (12 bytes)
    57 03 98 08 ff ff ff ff ff ff ff ff              |W...........|
[10.176526000] dev=8 RADIO->APP (1 bytes)
    06                                               |.|
[10.178934000] dev=8 APP->RADIO (12 bytes)
    57 03 a0 08 ff ff ff ff ff ff ff ff              |W...........|
[10.192499000] dev=8 RADIO->APP (1 bytes)
    06                                               |.|
[10.194465000] dev=8 APP->RADIO (12 bytes)
    57 03 a8 08 ff ff ff ff ff ff ff ff              |W...........|
[10.208023000] dev=8 RADIO->APP (1 bytes)
    06                                               |.|
[10.210279000] dev=8 APP->RADIO (12 bytes)
    57 03 b0 08 01 02 03 04 05 06 00 ff              |W...........|
[10.240558000] dev=8 RADIO->APP (1 bytes)
    06                                               |.|
[10.256839000] dev=8 APP->RADIO (12 bytes)
    57 03 b8 08 ff ff ff ff ff ff ff ff              |W...........|
[10.270451000] dev=8 RADIO->APP (1 bytes)
    06                                               |.|
[10.272893000] dev=8 APP->RADIO (12 bytes)
    57 03 c0 08 9b 05 00 06 00 02 00 00              |W...........|
[10.303161000] dev=8 RADIO->APP (1 bytes)
    06                                               |.|
[10.304565000] dev=8 APP->RADIO (4 bytes)
    52 03 c0 08                                      |R...|
[10.309800000] dev=8 RADIO->APP (1 bytes)
    57                                               |W|
[10.311050000] dev=8 RADIO->APP (1 bytes)
    03                                               |.|
[10.312133000] dev=8 RADIO->APP (1 bytes)
    c0                                               |.|
[10.313217000] dev=8 RADIO->APP (1 bytes)
    08                                               |.|
[10.314399000] dev=8 RADIO->APP (1 bytes)
    9b                                               |.|
[10.315523000] dev=8 RADIO->APP (1 bytes)
    05                                               |.|
[10.316656000] dev=8 RADIO->APP (1 bytes)
    00                                               |.|
[10.317774000] dev=8 RADIO->APP (1 bytes)
    06                                               |.|
[10.318822000] dev=8 RADIO->APP (1 bytes)
    00                                               |.|
[10.319977000] dev=8 RADIO->APP (1 bytes)
    02                                               |.|
[10.321059000] dev=8 RADIO->APP (1 bytes)
    00                                               |.|
[10.322177000] dev=8 RADIO->APP (1 bytes)
    00                                               |.|
[10.351211000] dev=8 APP->RADIO (12 bytes)
    57 03 c8 08 00 00 00 00 00 f8 ff ff              |W...........|
[10.381482000] dev=8 RADIO->APP (1 bytes)
    06                                               |.|
[10.390622000] dev=8 APP->RADIO (4 bytes)
    52 03 c8 08                                      |R...|
[10.395953000] dev=8 RADIO->APP (1 bytes)
    57                                               |W|
[10.397075000] dev=8 RADIO->APP (1 bytes)
    03                                               |.|
[10.398203000] dev=8 RADIO->APP (1 bytes)
    c8                                               |.|
[10.399297000] dev=8 RADIO->APP (1 bytes)
    08                                               |.|
[10.400413000] dev=8 RADIO->APP (1 bytes)
    00                                               |.|
[10.401574000] dev=8 RADIO->APP (1 bytes)
    00                                               |.|
[10.402699000] dev=8 RADIO->APP (1 bytes)
    00                                               |.|
[10.403824000] dev=8 RADIO->APP (1 bytes)
    00                                               |.|
[10.404953000] dev=8 RADIO->APP (1 bytes)
    00                                               |.|
[10.406074000] dev=8 RADIO->APP (1 bytes)
    f8                                               |.|
[10.407203000] dev=8 RADIO->APP (1 bytes)
    ff                                               |.|
[10.408296000] dev=8 RADIO->APP (1 bytes)
    ff                                               |.|
[10.437511000] dev=8 APP->RADIO (12 bytes)
    57 03 d0 08 53 4d ff 50 35 35 38 ff              |W...SM.P558.|
[10.467805000] dev=8 RADIO->APP (1 bytes)
    06                                               |.|
[10.469597000] dev=8 APP->RADIO (12 bytes)
    57 03 d8 08 ff ff ff ff ff ff ff ff              |W...........|
[10.483134000] dev=8 RADIO->APP (1 bytes)
    06                                               |.|
[10.484949000] dev=8 APP->RADIO (12 bytes)
    57 03 e0 08 ff ff ff ff ff ff ff ff              |W...........|
[10.498499000] dev=8 RADIO->APP (1 bytes)
    06                                               |.|
[10.500940000] dev=8 APP->RADIO (12 bytes)
    57 03 e8 08 ff ff ff ff ff ff ff ff              |W...........|
[10.514482000] dev=8 RADIO->APP (1 bytes)
    06                                               |.|
[11.539259000] dev=8 APP->RADIO (1 bytes)
    62                                               |b|
[11.589957000] dev=8 RADIO->APP (10 bytes)
    a1 20 00 00 00 00 02 00 00 1e                    |. ........|
