# Transcript gerado a partir de .\rt18_write_to_radio.pcapng
# OUT (direction=0) = APP->RADIO (host envia)
# IN  (direction=1) = RADIO->APP (dispositivo responde)

[9.339776000] dev=8 RADIO->APP (10 bytes)
    a1 20 00 00 00 00 02 00 82 1e                    |. ........|
[9.471037000] dev=8 APP->RADIO (8 bytes)
    02 4a 53 4f 47 52 41 50                          |.JSOGRAP|
[9.480804000] dev=8 RADIO->APP (1 bytes)
    06                                               |.|
[9.486549000] dev=8 APP->RADIO (1 bytes)
    02                                               |.|
[9.490134000] dev=8 RADIO->APP (1 bytes)
    06                                               |.|
[9.491257000] dev=8 RADIO->APP (1 bytes)
    03                                               |.|
[9.492364000] dev=8 RADIO->APP (1 bytes)
    e8                                               |.|
[9.493455000] dev=8 RADIO->APP (1 bytes)
    08                                               |.|
[9.494629000] dev=8 RADIO->APP (1 bytes)
    ff                                               |.|
[9.495757000] dev=8 RADIO->APP (1 bytes)
    ff                                               |.|
[9.496878000] dev=8 RADIO->APP (1 bytes)
    ff                                               |.|
[9.498028000] dev=8 RADIO->APP (1 bytes)
    ff                                               |.|
[9.517024000] dev=8 APP->RADIO (1 bytes)
    06                                               |.|
[9.519479000] dev=8 RADIO->APP (1 bytes)
    06                                               |.|
[9.532538000] dev=8 APP->RADIO (1 bytes)
    05                                               |.|
[9.534730000] dev=8 RADIO->APP (1 bytes)
    ff                                               |.|
[9.535881000] dev=8 RADIO->APP (1 bytes)
    ff                                               |.|
[9.536901000] dev=8 RADIO->APP (1 bytes)
    ff                                               |.|
[9.538106000] dev=8 RADIO->APP (1 bytes)
    ff                                               |.|
[9.539214000] dev=8 RADIO->APP (1 bytes)
    ff                                               |.|
[9.540305000] dev=8 RADIO->APP (1 bytes)
    ff                                               |.|
[9.564402000] dev=8 APP->RADIO (1 bytes)
    06                                               |.|
[9.566834000] dev=8 RADIO->APP (1 bytes)
    06                                               |.|
[9.579939000] dev=8 APP->RADIO (12 bytes)
    57 00 00 08 00 25 27 46 00 25 27 46              |W....%'F.%'F|
[9.610258000] dev=8 RADIO->APP (1 bytes)
    06                                               |.|
[9.627043000] dev=8 APP->RADIO (12 bytes)
    57 00 08 08 54 c7 54 c7 ec 00 05 ff              |W...T.T.....|
[9.657379000] dev=8 RADIO->APP (1 bytes)
    06                                               |.|
[9.673132000] dev=8 APP->RADIO (12 bytes)
    57 00 10 08 50 62 25 46 50 62 25 46              |W...Pb%FPb%F|
[9.703433000] dev=8 RADIO->APP (1 bytes)
    06                                               |.|
[9.704606000] dev=8 APP->RADIO (4 bytes)
    52 00 10 08                                      |R...|
[9.709980000] dev=8 RADIO->APP (1 bytes)
    57                                               |W|
[9.711106000] dev=8 RADIO->APP (1 bytes)
    00                                               |.|
[9.712230000] dev=8 RADIO->APP (1 bytes)
    10                                               |.|
[9.713353000] dev=8 RADIO->APP (1 bytes)
    08                                               |.|
[9.714429000] dev=8 RADIO->APP (1 bytes)
    50                                               |P|
[9.715609000] dev=8 RADIO->APP (1 bytes)
    62                                               |b|
[9.716653000] dev=8 RADIO->APP (1 bytes)
    25                                               |%|
[9.717871000] dev=8 RADIO->APP (1 bytes)
    46                                               |F|
[9.718956000] dev=8 RADIO->APP (1 bytes)
    50                                               |P|
[9.720073000] dev=8 RADIO->APP (1 bytes)
    62                                               |b|
[9.721255000] dev=8 RADIO->APP (1 bytes)
    25                                               |%|
[9.722387000] dev=8 RADIO->APP (1 bytes)
    46                                               |F|
[9.752139000] dev=8 APP->RADIO (12 bytes)
    57 00 18 08 54 c7 54 c7 ec 50 87 25              |W...T.T..P.%|
[9.782456000] dev=8 RADIO->APP (1 bytes)
    06                                               |.|
[9.798370000] dev=8 APP->RADIO (4 bytes)
    52 00 18 08                                      |R...|
[9.803677000] dev=8 RADIO->APP (1 bytes)
    57                                               |W|
[9.804906000] dev=8 RADIO->APP (1 bytes)
    00                                               |.|
[9.805926000] dev=8 RADIO->APP (1 bytes)
    18                                               |.|
[9.807158000] dev=8 RADIO->APP (1 bytes)
    08                                               |.|
[9.808176000] dev=8 RADIO->APP (1 bytes)
    54                                               |T|
[9.809404000] dev=8 RADIO->APP (1 bytes)
    c7                                               |.|
[9.810477000] dev=8 RADIO->APP (1 bytes)
    54                                               |T|
[9.811683000] dev=8 RADIO->APP (1 bytes)
    c7                                               |.|
[9.812776000] dev=8 RADIO->APP (1 bytes)
    ec                                               |.|
[9.813931000] dev=8 RADIO->APP (1 bytes)
    50                                               |P|
[9.815056000] dev=8 RADIO->APP (1 bytes)
    87                                               |.|
[9.816178000] dev=8 RADIO->APP (1 bytes)
    25                                               |%|
[9.846017000] dev=8 APP->RADIO (12 bytes)
    57 00 20 08 50 87 25 46 50 87 25 46              |W. .P.%FP.%F|
[9.876355000] dev=8 RADIO->APP (1 bytes)
    06                                               |.|
[9.892510000] dev=8 APP->RADIO (4 bytes)
    52 00 20 08                                      |R. .|
[9.897805000] dev=8 RADIO->APP (1 bytes)
    57                                               |W|
[9.898928000] dev=8 RADIO->APP (1 bytes)
    00                                               |.|
[9.900052000] dev=8 RADIO->APP (1 bytes)
    20                                               | |
[9.901177000] dev=8 RADIO->APP (1 bytes)
    08                                               |.|
[9.902330000] dev=8 RADIO->APP (1 bytes)
    50                                               |P|
[9.903481000] dev=8 RADIO->APP (1 bytes)
    87                                               |.|
[9.904680000] dev=8 RADIO->APP (1 bytes)
    25                                               |%|
[9.905779000] dev=8 RADIO->APP (1 bytes)
    46                                               |F|
[9.906913000] dev=8 RADIO->APP (1 bytes)
    50                                               |P|
[9.907951000] dev=8 RADIO->APP (1 bytes)
    87                                               |.|
[9.909183000] dev=8 RADIO->APP (1 bytes)
    25                                               |%|
[9.910305000] dev=8 RADIO->APP (1 bytes)
    46                                               |F|
[9.932175000] dev=8 APP->RADIO (12 bytes)
    57 00 28 08 54 c7 54 c7 ec 50 12 26              |W.(.T.T..P.&|
[9.962505000] dev=8 RADIO->APP (1 bytes)
    06                                               |.|
[9.978254000] dev=8 APP->RADIO (4 bytes)
    52 00 28 08                                      |R.(.|
[9.983632000] dev=8 RADIO->APP (1 bytes)
    57                                               |W|
[9.984754000] dev=8 RADIO->APP (1 bytes)
    00                                               |.|
[9.985879000] dev=8 RADIO->APP (1 bytes)
    28                                               |(|
[9.986951000] dev=8 RADIO->APP (1 bytes)
    08                                               |.|
[9.988155000] dev=8 RADIO->APP (1 bytes)
    54                                               |T|
[9.989280000] dev=8 RADIO->APP (1 bytes)
    c7                                               |.|
[9.990404000] dev=8 RADIO->APP (1 bytes)
    54                                               |T|
[9.991536000] dev=8 RADIO->APP (1 bytes)
    c7                                               |.|
[9.992594000] dev=8 RADIO->APP (1 bytes)
    ec                                               |.|
[9.993690000] dev=8 RADIO->APP (1 bytes)
    50                                               |P|
[9.994908000] dev=8 RADIO->APP (1 bytes)
    12                                               |.|
[9.996056000] dev=8 RADIO->APP (1 bytes)
    26                                               |&|
[10.025154000] dev=8 APP->RADIO (12 bytes)
    57 00 30 08 50 12 26 46 50 12 26 46              |W.0.P.&FP.&F|
[10.055485000] dev=8 RADIO->APP (1 bytes)
    06                                               |.|
[10.071240000] dev=8 APP->RADIO (4 bytes)
    52 00 30 08                                      |R.0.|
[10.076635000] dev=8 RADIO->APP (1 bytes)
    57                                               |W|
[10.077756000] dev=8 RADIO->APP (1 bytes)
    00                                               |.|
[10.078904000] dev=8 RADIO->APP (1 bytes)
    30                                               |0|
[10.079978000] dev=8 RADIO->APP (1 bytes)
    08                                               |.|
[10.081159000] dev=8 RADIO->APP (1 bytes)
    50                                               |P|
[10.082281000] dev=8 RADIO->APP (1 bytes)
    12                                               |.|
[10.083406000] dev=8 RADIO->APP (1 bytes)
    26                                               |&|
[10.084531000] dev=8 RADIO->APP (1 bytes)
    46                                               |F|
[10.085657000] dev=8 RADIO->APP (1 bytes)
    50                                               |P|
[10.086704000] dev=8 RADIO->APP (1 bytes)
    12                                               |.|
[10.087924000] dev=8 RADIO->APP (1 bytes)
    26                                               |&|
[10.089009000] dev=8 RADIO->APP (1 bytes)
    46                                               |F|
[10.117554000] dev=8 APP->RADIO (12 bytes)
    57 00 38 08 54 c7 54 c7 ec 50 37 26              |W.8.T.T..P7&|
[10.147889000] dev=8 RADIO->APP (1 bytes)
    06                                               |.|
[10.163459000] dev=8 APP->RADIO (4 bytes)
    52 00 38 08                                      |R.8.|
[10.168882000] dev=8 RADIO->APP (1 bytes)
    57                                               |W|
[10.170022000] dev=8 RADIO->APP (1 bytes)
    00                                               |.|
[10.171040000] dev=8 RADIO->APP (1 bytes)
    38                                               |8|
[10.172180000] dev=8 RADIO->APP (1 bytes)
    08                                               |.|
[10.173277000] dev=8 RADIO->APP (1 bytes)
    54                                               |T|
[10.174480000] dev=8 RADIO->APP (1 bytes)
    c7                                               |.|
[10.175605000] dev=8 RADIO->APP (1 bytes)
    54                                               |T|
[10.176730000] dev=8 RADIO->APP (1 bytes)
    c7                                               |.|
[10.177776000] dev=8 RADIO->APP (1 bytes)
    ec                                               |.|
[10.179033000] dev=8 RADIO->APP (1 bytes)
    50                                               |P|
[10.180088000] dev=8 RADIO->APP (1 bytes)
    37                                               |7|
[10.181229000] dev=8 RADIO->APP (1 bytes)
    26                                               |&|
[10.210054000] dev=8 APP->RADIO (12 bytes)
    57 00 40 08 50 37 26 46 50 37 26 46              |W.@.P7&FP7&F|
[10.240385000] dev=8 RADIO->APP (1 bytes)
    06                                               |.|
[10.242021000] dev=8 APP->RADIO (4 bytes)
    52 00 40 08                                      |R.@.|
[10.247338000] dev=8 RADIO->APP (1 bytes)
    57                                               |W|
[10.248474000] dev=8 RADIO->APP (1 bytes)
    00                                               |.|
[10.249554000] dev=8 RADIO->APP (1 bytes)
    40                                               |@|
[10.250679000] dev=8 RADIO->APP (1 bytes)
    08                                               |.|
[10.251803000] dev=8 RADIO->APP (1 bytes)
    50                                               |P|
[10.252928000] dev=8 RADIO->APP (1 bytes)
    37                                               |7|
[10.254054000] dev=8 RADIO->APP (1 bytes)
    26                                               |&|
[10.255178000] dev=8 RADIO->APP (1 bytes)
    46                                               |F|
[10.256303000] dev=8 RADIO->APP (1 bytes)
    50                                               |P|
[10.257429000] dev=8 RADIO->APP (1 bytes)
    37                                               |7|
[10.258606000] dev=8 RADIO->APP (1 bytes)
    26                                               |&|
[10.259812000] dev=8 RADIO->APP (1 bytes)
    46                                               |F|
[10.287790000] dev=8 APP->RADIO (12 bytes)
    57 00 48 08 54 c7 54 c7 ec 50 62 26              |W.H.T.T..Pb&|
[10.318145000] dev=8 RADIO->APP (1 bytes)
    06                                               |.|
[10.333565000] dev=8 APP->RADIO (4 bytes)
    52 00 48 08                                      |R.H.|
[10.338937000] dev=8 RADIO->APP (1 bytes)
    57                                               |W|
[10.340054000] dev=8 RADIO->APP (1 bytes)
    00                                               |.|
[10.341208000] dev=8 RADIO->APP (1 bytes)
    48                                               |H|
[10.342265000] dev=8 RADIO->APP (1 bytes)
    08                                               |.|
[10.343454000] dev=8 RADIO->APP (1 bytes)
    54                                               |T|
[10.344491000] dev=8 RADIO->APP (1 bytes)
    c7                                               |.|
[10.345694000] dev=8 RADIO->APP (1 bytes)
    54                                               |T|
[10.346879000] dev=8 RADIO->APP (1 bytes)
    c7                                               |.|
[10.347953000] dev=8 RADIO->APP (1 bytes)
    ec                                               |.|
[10.349050000] dev=8 RADIO->APP (1 bytes)
    50                                               |P|
[10.350230000] dev=8 RADIO->APP (1 bytes)
    62                                               |b|
[10.351354000] dev=8 RADIO->APP (1 bytes)
    26                                               |&|
[10.380084000] dev=8 APP->RADIO (12 bytes)
    57 00 50 08 50 62 26 46 50 62 26 46              |W.P.Pb&FPb&F|
[10.410409000] dev=8 RADIO->APP (1 bytes)
    06                                               |.|
[10.426403000] dev=8 APP->RADIO (4 bytes)
    52 00 50 08                                      |R.P.|
[10.431785000] dev=8 RADIO->APP (1 bytes)
    57                                               |W|
[10.432913000] dev=8 RADIO->APP (1 bytes)
    00                                               |.|
[10.434034000] dev=8 RADIO->APP (1 bytes)
    50                                               |P|
[10.435155000] dev=8 RADIO->APP (1 bytes)
    08                                               |.|
[10.436306000] dev=8 RADIO->APP (1 bytes)
    50                                               |P|
[10.437365000] dev=8 RADIO->APP (1 bytes)
    62                                               |b|
[10.438554000] dev=8 RADIO->APP (1 bytes)
    26                                               |&|
[10.439681000] dev=8 RADIO->APP (1 bytes)
    46                                               |F|
[10.440881000] dev=8 RADIO->APP (1 bytes)
    50                                               |P|
[10.441932000] dev=8 RADIO->APP (1 bytes)
    62                                               |b|
[10.443055000] dev=8 RADIO->APP (1 bytes)
    26                                               |&|
[10.444132000] dev=8 RADIO->APP (1 bytes)
    46                                               |F|
[10.472203000] dev=8 APP->RADIO (12 bytes)
    57 00 58 08 54 c7 54 c7 ec 00 25 26              |W.X.T.T...%&|
[10.502530000] dev=8 RADIO->APP (1 bytes)
    06                                               |.|
[10.518967000] dev=8 APP->RADIO (4 bytes)
    52 00 58 08                                      |R.X.|
[10.524319000] dev=8 RADIO->APP (1 bytes)
    57                                               |W|
[10.525393000] dev=8 RADIO->APP (1 bytes)
    00                                               |.|
[10.526597000] dev=8 RADIO->APP (1 bytes)
    58                                               |X|
[10.527737000] dev=8 RADIO->APP (1 bytes)
    08                                               |.|
[10.528803000] dev=8 RADIO->APP (1 bytes)
    54                                               |T|
[10.530024000] dev=8 RADIO->APP (1 bytes)
    c7                                               |.|
[10.531081000] dev=8 RADIO->APP (1 bytes)
    54                                               |T|
[10.532203000] dev=8 RADIO->APP (1 bytes)
    c7                                               |.|
[10.533328000] dev=8 RADIO->APP (1 bytes)
    ec                                               |.|
[10.534401000] dev=8 RADIO->APP (1 bytes)
    00                                               |.|
[10.535632000] dev=8 RADIO->APP (1 bytes)
    25                                               |%|
[10.536723000] dev=8 RADIO->APP (1 bytes)
    26                                               |&|
[10.565169000] dev=8 APP->RADIO (12 bytes)
    57 00 60 08 00 25 26 46 00 25 26 46              |W.`..%&F.%&F|
[10.595488000] dev=8 RADIO->APP (1 bytes)
    06                                               |.|
[10.611262000] dev=8 APP->RADIO (4 bytes)
    52 00 60 08                                      |R.`.|
[10.616529000] dev=8 RADIO->APP (1 bytes)
    57                                               |W|
[10.617653000] dev=8 RADIO->APP (1 bytes)
    00                                               |.|
[10.618803000] dev=8 RADIO->APP (1 bytes)
    60                                               |`|
[10.619962000] dev=8 RADIO->APP (1 bytes)
    08                                               |.|
[10.621083000] dev=8 RADIO->APP (1 bytes)
    00                                               |.|
[10.622202000] dev=8 RADIO->APP (1 bytes)
    25                                               |%|
[10.623406000] dev=8 RADIO->APP (1 bytes)
    26                                               |&|
[10.624530000] dev=8 RADIO->APP (1 bytes)
    46                                               |F|
[10.625578000] dev=8 RADIO->APP (1 bytes)
    00                                               |.|
[10.626778000] dev=8 RADIO->APP (1 bytes)
    25                                               |%|
[10.627928000] dev=8 RADIO->APP (1 bytes)
    26                                               |&|
[10.629056000] dev=8 RADIO->APP (1 bytes)
    46                                               |F|
[10.650956000] dev=8 APP->RADIO (12 bytes)
    57 00 68 08 54 c7 54 c7 ec 00 25 27              |W.h.T.T...%'|
[10.681309000] dev=8 RADIO->APP (1 bytes)
    06                                               |.|
[10.697461000] dev=8 APP->RADIO (4 bytes)
    52 00 68 08                                      |R.h.|
[10.702842000] dev=8 RADIO->APP (1 bytes)
    57                                               |W|
[10.703890000] dev=8 RADIO->APP (1 bytes)
    00                                               |.|
[10.705032000] dev=8 RADIO->APP (1 bytes)
    68                                               |h|
[10.706183000] dev=8 RADIO->APP (1 bytes)
    08                                               |.|
[10.707313000] dev=8 RADIO->APP (1 bytes)
    54                                               |T|
[10.708433000] dev=8 RADIO->APP (1 bytes)
    c7                                               |.|
[10.709552000] dev=8 RADIO->APP (1 bytes)
    54                                               |T|
[10.710683000] dev=8 RADIO->APP (1 bytes)
    c7                                               |.|
[10.711808000] dev=8 RADIO->APP (1 bytes)
    ec                                               |.|
[10.712901000] dev=8 RADIO->APP (1 bytes)
    00                                               |.|
[10.714051000] dev=8 RADIO->APP (1 bytes)
    25                                               |%|
[10.715183000] dev=8 RADIO->APP (1 bytes)
    27                                               |'|
[10.744512000] dev=8 APP->RADIO (12 bytes)
    57 00 70 08 00 25 27 46 00 25 27 46              |W.p..%'F.%'F|
[10.774953000] dev=8 RADIO->APP (1 bytes)
    06                                               |.|
[10.790648000] dev=8 APP->RADIO (4 bytes)
    52 00 70 08                                      |R.p.|
[10.796031000] dev=8 RADIO->APP (1 bytes)
    57                                               |W|
[10.797156000] dev=8 RADIO->APP (1 bytes)
    00                                               |.|
[10.798262000] dev=8 RADIO->APP (1 bytes)
    70                                               |p|
[10.799353000] dev=8 RADIO->APP (1 bytes)
    08                                               |.|
[10.800529000] dev=8 RADIO->APP (1 bytes)
    00                                               |.|
[10.801664000] dev=8 RADIO->APP (1 bytes)
    25                                               |%|
[10.802777000] dev=8 RADIO->APP (1 bytes)
    27                                               |'|
[10.803826000] dev=8 RADIO->APP (1 bytes)
    46                                               |F|
[10.805030000] dev=8 RADIO->APP (1 bytes)
    00                                               |.|
[10.806220000] dev=8 RADIO->APP (1 bytes)
    25                                               |%|
[10.807264000] dev=8 RADIO->APP (1 bytes)
    27                                               |'|
[10.808403000] dev=8 RADIO->APP (1 bytes)
    46                                               |F|
[10.836874000] dev=8 APP->RADIO (12 bytes)
    57 00 78 08 54 c7 54 c7 ec 50 87 26              |W.x.T.T..P.&|
[10.867182000] dev=8 RADIO->APP (1 bytes)
    06                                               |.|
[10.882941000] dev=8 APP->RADIO (4 bytes)
    52 00 78 08                                      |R.x.|
[10.888334000] dev=8 RADIO->APP (1 bytes)
    57                                               |W|
[10.889353000] dev=8 RADIO->APP (1 bytes)
    00                                               |.|
[10.890584000] dev=8 RADIO->APP (1 bytes)
    78                                               |x|
[10.891647000] dev=8 RADIO->APP (1 bytes)
    08                                               |.|
[10.892883000] dev=8 RADIO->APP (1 bytes)
    54                                               |T|
[10.893955000] dev=8 RADIO->APP (1 bytes)
    c7                                               |.|
[10.895080000] dev=8 RADIO->APP (1 bytes)
    54                                               |T|
[10.896203000] dev=8 RADIO->APP (1 bytes)
    c7                                               |.|
[10.897356000] dev=8 RADIO->APP (1 bytes)
    ec                                               |.|
[10.898481000] dev=8 RADIO->APP (1 bytes)
    50                                               |P|
[10.899541000] dev=8 RADIO->APP (1 bytes)
    87                                               |.|
[10.900740000] dev=8 RADIO->APP (1 bytes)
    26                                               |&|
[10.929941000] dev=8 APP->RADIO (12 bytes)
    57 00 80 08 50 87 26 46 50 87 26 46              |W...P.&FP.&F|
[10.960289000] dev=8 RADIO->APP (1 bytes)
    06                                               |.|
[10.976385000] dev=8 APP->RADIO (4 bytes)
    52 00 80 08                                      |R...|
[10.981681000] dev=8 RADIO->APP (1 bytes)
    57                                               |W|
[10.982802000] dev=8 RADIO->APP (1 bytes)
    00                                               |.|
[10.983926000] dev=8 RADIO->APP (1 bytes)
    80                                               |.|
[10.985045000] dev=8 RADIO->APP (1 bytes)
    08                                               |.|
[10.986179000] dev=8 RADIO->APP (1 bytes)
    50                                               |P|
[10.987329000] dev=8 RADIO->APP (1 bytes)
    87                                               |.|
[10.988531000] dev=8 RADIO->APP (1 bytes)
    26                                               |&|
[10.989551000] dev=8 RADIO->APP (1 bytes)
    46                                               |F|
[10.990724000] dev=8 RADIO->APP (1 bytes)
    50                                               |P|
[10.991840000] dev=8 RADIO->APP (1 bytes)
    87                                               |.|
[10.993028000] dev=8 RADIO->APP (1 bytes)
    26                                               |&|
[10.994156000] dev=8 RADIO->APP (1 bytes)
    46                                               |F|
[11.023001000] dev=8 APP->RADIO (12 bytes)
    57 00 88 08 54 c7 54 c7 ec 50 12 27              |W...T.T..P.'|
[11.053336000] dev=8 RADIO->APP (1 bytes)
    06                                               |.|
[11.069546000] dev=8 APP->RADIO (4 bytes)
    52 00 88 08                                      |R...|
[11.074876000] dev=8 RADIO->APP (1 bytes)
    57                                               |W|
[11.075998000] dev=8 RADIO->APP (1 bytes)
    00                                               |.|
[11.077098000] dev=8 RADIO->APP (1 bytes)
    88                                               |.|
[11.078227000] dev=8 RADIO->APP (1 bytes)
    08                                               |.|
[11.079351000] dev=8 RADIO->APP (1 bytes)
    54                                               |T|
[11.080476000] dev=8 RADIO->APP (1 bytes)
    c7                                               |.|
[11.081600000] dev=8 RADIO->APP (1 bytes)
    54                                               |T|
[11.082801000] dev=8 RADIO->APP (1 bytes)
    c7                                               |.|
[11.083851000] dev=8 RADIO->APP (1 bytes)
    ec                                               |.|
[11.085056000] dev=8 RADIO->APP (1 bytes)
    50                                               |P|
[11.086103000] dev=8 RADIO->APP (1 bytes)
    12                                               |.|
[11.087226000] dev=8 RADIO->APP (1 bytes)
    27                                               |'|
[11.116278000] dev=8 APP->RADIO (12 bytes)
    57 00 90 08 50 12 27 46 50 12 27 46              |W...P.'FP.'F|
[11.146610000] dev=8 RADIO->APP (1 bytes)
    06                                               |.|
[11.162531000] dev=8 APP->RADIO (4 bytes)
    52 00 90 08                                      |R...|
[11.167829000] dev=8 RADIO->APP (1 bytes)
    57                                               |W|
[11.168953000] dev=8 RADIO->APP (1 bytes)
    00                                               |.|
[11.170098000] dev=8 RADIO->APP (1 bytes)
    90                                               |.|
[11.171204000] dev=8 RADIO->APP (1 bytes)
    08                                               |.|
[11.172452000] dev=8 RADIO->APP (1 bytes)
    50                                               |P|
[11.173523000] dev=8 RADIO->APP (1 bytes)
    12                                               |.|
[11.174634000] dev=8 RADIO->APP (1 bytes)
    27                                               |'|
[11.175826000] dev=8 RADIO->APP (1 bytes)
    46                                               |F|
[11.176876000] dev=8 RADIO->APP (1 bytes)
    50                                               |P|
[11.178003000] dev=8 RADIO->APP (1 bytes)
    12                                               |.|
[11.179149000] dev=8 RADIO->APP (1 bytes)
    27                                               |'|
[11.180228000] dev=8 RADIO->APP (1 bytes)
    46                                               |F|
[11.208592000] dev=8 APP->RADIO (12 bytes)
    57 00 98 08 54 c7 54 c7 ec 00 50 25              |W...T.T...P%|
[11.238908000] dev=8 RADIO->APP (1 bytes)
    06                                               |.|
[11.248146000] dev=8 APP->RADIO (4 bytes)
    52 00 98 08                                      |R...|
[11.253425000] dev=8 RADIO->APP (1 bytes)
    57                                               |W|
[11.254631000] dev=8 RADIO->APP (1 bytes)
    00                                               |.|
[11.255781000] dev=8 RADIO->APP (1 bytes)
    98                                               |.|
[11.256906000] dev=8 RADIO->APP (1 bytes)
    08                                               |.|
[11.258031000] dev=8 RADIO->APP (1 bytes)
    54                                               |T|
[11.259153000] dev=8 RADIO->APP (1 bytes)
    c7                                               |.|
[11.260280000] dev=8 RADIO->APP (1 bytes)
    54                                               |T|
[11.261406000] dev=8 RADIO->APP (1 bytes)
    c7                                               |.|
[11.262488000] dev=8 RADIO->APP (1 bytes)
    ec                                               |.|
[11.263581000] dev=8 RADIO->APP (1 bytes)
    00                                               |.|
[11.264882000] dev=8 RADIO->APP (1 bytes)
    50                                               |P|
[11.265931000] dev=8 RADIO->APP (1 bytes)
    25                                               |%|
[11.294911000] dev=8 APP->RADIO (12 bytes)
    57 00 a0 08 00 50 25 46 00 50 25 46              |W....P%F.P%F|
[11.325232000] dev=8 RADIO->APP (1 bytes)
    06                                               |.|
[11.326401000] dev=8 APP->RADIO (4 bytes)
    52 00 a0 08                                      |R...|
[11.331711000] dev=8 RADIO->APP (1 bytes)
    57                                               |W|
[11.332825000] dev=8 RADIO->APP (1 bytes)
    00                                               |.|
[11.333953000] dev=8 RADIO->APP (1 bytes)
    a0                                               |.|
[11.335053000] dev=8 RADIO->APP (1 bytes)
    08                                               |.|
[11.336178000] dev=8 RADIO->APP (1 bytes)
    00                                               |.|
[11.337303000] dev=8 RADIO->APP (1 bytes)
    50                                               |P|
[11.338532000] dev=8 RADIO->APP (1 bytes)
    25                                               |%|
[11.339575000] dev=8 RADIO->APP (1 bytes)
    46                                               |F|
[11.340885000] dev=8 RADIO->APP (1 bytes)
    00                                               |.|
[11.341866000] dev=8 RADIO->APP (1 bytes)
    50                                               |P|
[11.343054000] dev=8 RADIO->APP (1 bytes)
    25                                               |%|
[11.344178000] dev=8 RADIO->APP (1 bytes)
    46                                               |F|
[11.373510000] dev=8 APP->RADIO (12 bytes)
    57 00 a8 08 54 c7 54 c7 ec 00 75 25              |W...T.T...u%|
[11.403825000] dev=8 RADIO->APP (1 bytes)
    06                                               |.|
[11.420082000] dev=8 APP->RADIO (4 bytes)
    52 00 a8 08                                      |R...|
[11.425406000] dev=8 RADIO->APP (1 bytes)
    57                                               |W|
[11.426529000] dev=8 RADIO->APP (1 bytes)
    00                                               |.|
[11.427660000] dev=8 RADIO->APP (1 bytes)
    a8                                               |.|
[11.428801000] dev=8 RADIO->APP (1 bytes)
    08                                               |.|
[11.429901000] dev=8 RADIO->APP (1 bytes)
    54                                               |T|
[11.431107000] dev=8 RADIO->APP (1 bytes)
    c7                                               |.|
[11.432256000] dev=8 RADIO->APP (1 bytes)
    54                                               |T|
[11.433314000] dev=8 RADIO->APP (1 bytes)
    c7                                               |.|
[11.434506000] dev=8 RADIO->APP (1 bytes)
    ec                                               |.|
[11.435547000] dev=8 RADIO->APP (1 bytes)
    00                                               |.|
[11.436779000] dev=8 RADIO->APP (1 bytes)
    75                                               |u|
[11.437815000] dev=8 RADIO->APP (1 bytes)
    25                                               |%|
[11.466370000] dev=8 APP->RADIO (12 bytes)
    57 00 b0 08 00 75 25 46 00 75 25 46              |W....u%F.u%F|
[11.496681000] dev=8 RADIO->APP (1 bytes)
    06                                               |.|
[11.512697000] dev=8 APP->RADIO (4 bytes)
    52 00 b0 08                                      |R...|
[11.518110000] dev=8 RADIO->APP (1 bytes)
    57                                               |W|
[11.519230000] dev=8 RADIO->APP (1 bytes)
    00                                               |.|
[11.520279000] dev=8 RADIO->APP (1 bytes)
    b0                                               |.|
[11.521452000] dev=8 RADIO->APP (1 bytes)
    08                                               |.|
[11.522630000] dev=8 RADIO->APP (1 bytes)
    00                                               |.|
[11.523756000] dev=8 RADIO->APP (1 bytes)
    75                                               |u|
[11.524881000] dev=8 RADIO->APP (1 bytes)
    25                                               |%|
[11.526006000] dev=8 RADIO->APP (1 bytes)
    46                                               |F|
[11.527131000] dev=8 RADIO->APP (1 bytes)
    00                                               |.|
[11.528259000] dev=8 RADIO->APP (1 bytes)
    75                                               |u|
[11.529393000] dev=8 RADIO->APP (1 bytes)
    25                                               |%|
[11.530428000] dev=8 RADIO->APP (1 bytes)
    46                                               |F|
[11.559375000] dev=8 APP->RADIO (12 bytes)
    57 00 b8 08 54 c7 54 c7 ec 00 00 26              |W...T.T....&|
[11.589694000] dev=8 RADIO->APP (1 bytes)
    06                                               |.|
[11.605560000] dev=8 APP->RADIO (4 bytes)
    52 00 b8 08                                      |R...|
[11.610931000] dev=8 RADIO->APP (1 bytes)
    57                                               |W|
[11.612057000] dev=8 RADIO->APP (1 bytes)
    00                                               |.|
[11.613181000] dev=8 RADIO->APP (1 bytes)
    b8                                               |.|
[11.614229000] dev=8 RADIO->APP (1 bytes)
    08                                               |.|
[11.615432000] dev=8 RADIO->APP (1 bytes)
    54                                               |T|
[11.616554000] dev=8 RADIO->APP (1 bytes)
    c7                                               |.|
[11.617702000] dev=8 RADIO->APP (1 bytes)
    54                                               |T|
[11.618880000] dev=8 RADIO->APP (1 bytes)
    c7                                               |.|
[11.619954000] dev=8 RADIO->APP (1 bytes)
    ec                                               |.|
[11.621082000] dev=8 RADIO->APP (1 bytes)
    00                                               |.|
[11.622213000] dev=8 RADIO->APP (1 bytes)
    00                                               |.|
[11.623266000] dev=8 RADIO->APP (1 bytes)
    26                                               |&|
[11.651970000] dev=8 APP->RADIO (12 bytes)
    57 00 c0 08 00 00 26 46 00 00 26 46              |W.....&F..&F|
[11.682283000] dev=8 RADIO->APP (1 bytes)
    06                                               |.|
[11.698427000] dev=8 APP->RADIO (4 bytes)
    52 00 c0 08                                      |R...|
[11.703802000] dev=8 RADIO->APP (1 bytes)
    57                                               |W|
[11.704929000] dev=8 RADIO->APP (1 bytes)
    00                                               |.|
[11.706080000] dev=8 RADIO->APP (1 bytes)
    c0                                               |.|
[11.707208000] dev=8 RADIO->APP (1 bytes)
    08                                               |.|
[11.708252000] dev=8 RADIO->APP (1 bytes)
    00                                               |.|
[11.709456000] dev=8 RADIO->APP (1 bytes)
    00                                               |.|
[11.710582000] dev=8 RADIO->APP (1 bytes)
    26                                               |&|
[11.711705000] dev=8 RADIO->APP (1 bytes)
    46                                               |F|
[11.712883000] dev=8 RADIO->APP (1 bytes)
    00                                               |.|
[11.713953000] dev=8 RADIO->APP (1 bytes)
    00                                               |.|
[11.715003000] dev=8 RADIO->APP (1 bytes)
    26                                               |&|
[11.716231000] dev=8 RADIO->APP (1 bytes)
    46                                               |F|
[11.744572000] dev=8 APP->RADIO (12 bytes)
    57 00 c8 08 54 c7 54 c7 ec 00 50 26              |W...T.T...P&|
[11.774880000] dev=8 RADIO->APP (1 bytes)
    06                                               |.|
[11.776552000] dev=8 APP->RADIO (4 bytes)
    52 00 c8 08                                      |R...|
[11.781851000] dev=8 RADIO->APP (1 bytes)
    57                                               |W|
[11.782978000] dev=8 RADIO->APP (1 bytes)
    00                                               |.|
[11.784128000] dev=8 RADIO->APP (1 bytes)
    c8                                               |.|
[11.785255000] dev=8 RADIO->APP (1 bytes)
    08                                               |.|
[11.786461000] dev=8 RADIO->APP (1 bytes)
    54                                               |T|
[11.787508000] dev=8 RADIO->APP (1 bytes)
    c7                                               |.|
[11.788710000] dev=8 RADIO->APP (1 bytes)
    54                                               |T|
[11.789804000] dev=8 RADIO->APP (1 bytes)
    c7                                               |.|
[11.790978000] dev=8 RADIO->APP (1 bytes)
    ec                                               |.|
[11.792103000] dev=8 RADIO->APP (1 bytes)
    00                                               |.|
[11.793230000] dev=8 RADIO->APP (1 bytes)
    50                                               |P|
[11.794354000] dev=8 RADIO->APP (1 bytes)
    26                                               |&|
[11.822283000] dev=8 APP->RADIO (12 bytes)
    57 00 d0 08 00 50 26 46 00 50 26 46              |W....P&F.P&F|
[11.852630000] dev=8 RADIO->APP (1 bytes)
    06                                               |.|
[11.868746000] dev=8 APP->RADIO (4 bytes)
    52 00 d0 08                                      |R...|
[11.874132000] dev=8 RADIO->APP (1 bytes)
    57                                               |W|
[11.875179000] dev=8 RADIO->APP (1 bytes)
    00                                               |.|
[11.876303000] dev=8 RADIO->APP (1 bytes)
    d0                                               |.|
[11.877453000] dev=8 RADIO->APP (1 bytes)
    08                                               |.|
[11.878584000] dev=8 RADIO->APP (1 bytes)
    00                                               |.|
[11.879701000] dev=8 RADIO->APP (1 bytes)
    50                                               |P|
[11.880825000] dev=8 RADIO->APP (1 bytes)
    26                                               |&|
[11.881949000] dev=8 RADIO->APP (1 bytes)
    46                                               |F|
[11.883078000] dev=8 RADIO->APP (1 bytes)
    00                                               |.|
[11.884224000] dev=8 RADIO->APP (1 bytes)
    50                                               |P|
[11.885430000] dev=8 RADIO->APP (1 bytes)
    26                                               |&|
[11.886557000] dev=8 RADIO->APP (1 bytes)
    46                                               |F|
[11.915240000] dev=8 APP->RADIO (12 bytes)
    57 00 d8 08 54 c7 54 c7 ec 00 75 26              |W...T.T...u&|
[11.945564000] dev=8 RADIO->APP (1 bytes)
    06                                               |.|
[11.960888000] dev=8 APP->RADIO (4 bytes)
    52 00 d8 08                                      |R...|
[11.966179000] dev=8 RADIO->APP (1 bytes)
    57                                               |W|
[11.967330000] dev=8 RADIO->APP (1 bytes)
    00                                               |.|
[11.968492000] dev=8 RADIO->APP (1 bytes)
    d8                                               |.|
[11.969611000] dev=8 RADIO->APP (1 bytes)
    08                                               |.|
[11.970694000] dev=8 RADIO->APP (1 bytes)
    54                                               |T|
[11.971828000] dev=8 RADIO->APP (1 bytes)
    c7                                               |.|
[11.973040000] dev=8 RADIO->APP (1 bytes)
    54                                               |T|
[11.974127000] dev=8 RADIO->APP (1 bytes)
    c7                                               |.|
[11.975252000] dev=8 RADIO->APP (1 bytes)
    ec                                               |.|
[11.976379000] dev=8 RADIO->APP (1 bytes)
    00                                               |.|
[11.977503000] dev=8 RADIO->APP (1 bytes)
    75                                               |u|
[11.978654000] dev=8 RADIO->APP (1 bytes)
    26                                               |&|
[12.007027000] dev=8 APP->RADIO (12 bytes)
    57 00 e0 08 00 75 26 46 00 75 26 46              |W....u&F.u&F|
[12.037371000] dev=8 RADIO->APP (1 bytes)
    06                                               |.|
[12.053296000] dev=8 APP->RADIO (4 bytes)
    52 00 e0 08                                      |R...|
[12.058692000] dev=8 RADIO->APP (1 bytes)
    57                                               |W|
[12.059891000] dev=8 RADIO->APP (1 bytes)
    00                                               |.|
[12.060928000] dev=8 RADIO->APP (1 bytes)
    e0                                               |.|
[12.062054000] dev=8 RADIO->APP (1 bytes)
    08                                               |.|
[12.063179000] dev=8 RADIO->APP (1 bytes)
    00                                               |.|
[12.064305000] dev=8 RADIO->APP (1 bytes)
    75                                               |u|
[12.065455000] dev=8 RADIO->APP (1 bytes)
    26                                               |&|
[12.066581000] dev=8 RADIO->APP (1 bytes)
    46                                               |F|
[12.067693000] dev=8 RADIO->APP (1 bytes)
    00                                               |.|
[12.068777000] dev=8 RADIO->APP (1 bytes)
    75                                               |u|
[12.069881000] dev=8 RADIO->APP (1 bytes)
    26                                               |&|
[12.071008000] dev=8 RADIO->APP (1 bytes)
    46                                               |F|
[12.099849000] dev=8 APP->RADIO (12 bytes)
    57 00 e8 08 54 c7 54 c7 ec 00 00 27              |W...T.T....'|
[12.130183000] dev=8 RADIO->APP (1 bytes)
    06                                               |.|
[12.146358000] dev=8 APP->RADIO (4 bytes)
    52 00 e8 08                                      |R...|
[12.151679000] dev=8 RADIO->APP (1 bytes)
    57                                               |W|
[12.152801000] dev=8 RADIO->APP (1 bytes)
    00                                               |.|
[12.153929000] dev=8 RADIO->APP (1 bytes)
    e8                                               |.|
[12.155057000] dev=8 RADIO->APP (1 bytes)
    08                                               |.|
[12.156185000] dev=8 RADIO->APP (1 bytes)
    54                                               |T|
[12.157306000] dev=8 RADIO->APP (1 bytes)
    c7                                               |.|
[12.158504000] dev=8 RADIO->APP (1 bytes)
    54                                               |T|
[12.159579000] dev=8 RADIO->APP (1 bytes)
    c7                                               |.|
[12.160705000] dev=8 RADIO->APP (1 bytes)
    ec                                               |.|
[12.161805000] dev=8 RADIO->APP (1 bytes)
    00                                               |.|
[12.162954000] dev=8 RADIO->APP (1 bytes)
    00                                               |.|
[12.164073000] dev=8 RADIO->APP (1 bytes)
    27                                               |'|
[12.192594000] dev=8 APP->RADIO (12 bytes)
    57 00 f0 08 00 00 27 46 00 00 27 46              |W.....'F..'F|
[12.222910000] dev=8 RADIO->APP (1 bytes)
    06                                               |.|
[12.239071000] dev=8 APP->RADIO (4 bytes)
    52 00 f0 08                                      |R...|
[12.244386000] dev=8 RADIO->APP (1 bytes)
    57                                               |W|
[12.245507000] dev=8 RADIO->APP (1 bytes)
    00                                               |.|
[12.246629000] dev=8 RADIO->APP (1 bytes)
    f0                                               |.|
[12.247803000] dev=8 RADIO->APP (1 bytes)
    08                                               |.|
[12.248907000] dev=8 RADIO->APP (1 bytes)
    00                                               |.|
[12.250028000] dev=8 RADIO->APP (1 bytes)
    00                                               |.|
[12.251154000] dev=8 RADIO->APP (1 bytes)
    27                                               |'|
[12.252278000] dev=8 RADIO->APP (1 bytes)
    46                                               |F|
[12.253418000] dev=8 RADIO->APP (1 bytes)
    00                                               |.|
[12.254556000] dev=8 RADIO->APP (1 bytes)
    00                                               |.|
[12.255679000] dev=8 RADIO->APP (1 bytes)
    27                                               |'|
[12.256779000] dev=8 RADIO->APP (1 bytes)
    46                                               |F|
[12.284886000] dev=8 APP->RADIO (12 bytes)
    57 00 f8 08 54 c7 54 c7 ec 00 25 27              |W...T.T...%'|
[12.315208000] dev=8 RADIO->APP (1 bytes)
    06                                               |.|
[12.331260000] dev=8 APP->RADIO (4 bytes)
    52 00 f8 08                                      |R...|
[12.336563000] dev=8 RADIO->APP (1 bytes)
    57                                               |W|
[12.337690000] dev=8 RADIO->APP (1 bytes)
    00                                               |.|
[12.338811000] dev=8 RADIO->APP (1 bytes)
    f8                                               |.|
[12.339935000] dev=8 RADIO->APP (1 bytes)
    08                                               |.|
[12.341059000] dev=8 RADIO->APP (1 bytes)
    54                                               |T|
[12.342183000] dev=8 RADIO->APP (1 bytes)
    c7                                               |.|
[12.343334000] dev=8 RADIO->APP (1 bytes)
    54                                               |T|
[12.344482000] dev=8 RADIO->APP (1 bytes)
    c7                                               |.|
[12.345586000] dev=8 RADIO->APP (1 bytes)
    ec                                               |.|
[12.346782000] dev=8 RADIO->APP (1 bytes)
    00                                               |.|
[12.347838000] dev=8 RADIO->APP (1 bytes)
    25                                               |%|
[12.348984000] dev=8 RADIO->APP (1 bytes)
    27                                               |'|
[12.377602000] dev=8 APP->RADIO (12 bytes)
    57 01 00 08 00 25 27 46 00 25 27 46              |W....%'F.%'F|
[12.407911000] dev=8 RADIO->APP (1 bytes)
    06                                               |.|
[12.424261000] dev=8 APP->RADIO (4 bytes)
    52 01 00 08                                      |R...|
[12.429563000] dev=8 RADIO->APP (1 bytes)
    57                                               |W|
[12.430685000] dev=8 RADIO->APP (1 bytes)
    01                                               |.|
[12.431806000] dev=8 RADIO->APP (1 bytes)
    00                                               |.|
[12.432930000] dev=8 RADIO->APP (1 bytes)
    08                                               |.|
[12.434053000] dev=8 RADIO->APP (1 bytes)
    00                                               |.|
[12.435180000] dev=8 RADIO->APP (1 bytes)
    25                                               |%|
[12.436330000] dev=8 RADIO->APP (1 bytes)
    27                                               |'|
[12.437457000] dev=8 RADIO->APP (1 bytes)
    46                                               |F|
[12.438583000] dev=8 RADIO->APP (1 bytes)
    00                                               |.|
[12.439780000] dev=8 RADIO->APP (1 bytes)
    25                                               |%|
[12.440832000] dev=8 RADIO->APP (1 bytes)
    27                                               |'|
[12.441955000] dev=8 RADIO->APP (1 bytes)
    46                                               |F|
[12.470873000] dev=8 APP->RADIO (12 bytes)
    57 01 08 08 54 c7 54 c7 ec 00 05 ff              |W...T.T.....|
[12.501217000] dev=8 RADIO->APP (1 bytes)
    06                                               |.|
[12.517256000] dev=8 APP->RADIO (4 bytes)
    52 01 08 08                                      |R...|
[12.522570000] dev=8 RADIO->APP (1 bytes)
    57                                               |W|
[12.523679000] dev=8 RADIO->APP (1 bytes)
    01                                               |.|
[12.524804000] dev=8 RADIO->APP (1 bytes)
    08                                               |.|
[12.525953000] dev=8 RADIO->APP (1 bytes)
    08                                               |.|
[12.527080000] dev=8 RADIO->APP (1 bytes)
    54                                               |T|
[12.528203000] dev=8 RADIO->APP (1 bytes)
    c7                                               |.|
[12.529329000] dev=8 RADIO->APP (1 bytes)
    54                                               |T|
[12.530460000] dev=8 RADIO->APP (1 bytes)
    c7                                               |.|
[12.531578000] dev=8 RADIO->APP (1 bytes)
    ec                                               |.|
[12.532706000] dev=8 RADIO->APP (1 bytes)
    00                                               |.|
[12.533828000] dev=8 RADIO->APP (1 bytes)
    05                                               |.|
[12.534954000] dev=8 RADIO->APP (1 bytes)
    ff                                               |.|
[12.562831000] dev=8 APP->RADIO (12 bytes)
    57 01 10 08 ff ff ff ff ff ff ff ff              |W...........|
[12.576409000] dev=8 RADIO->APP (1 bytes)
    06                                               |.|
[12.578247000] dev=8 APP->RADIO (12 bytes)
    57 01 18 08 ff ff ff ff ff ff ff ff              |W...........|
[12.591810000] dev=8 RADIO->APP (1 bytes)
    06                                               |.|
[12.593759000] dev=8 APP->RADIO (12 bytes)
    57 01 20 08 ff ff ff ff ff ff ff ff              |W. .........|
[12.607312000] dev=8 RADIO->APP (1 bytes)
    06                                               |.|
[12.609139000] dev=8 APP->RADIO (12 bytes)
    57 01 28 08 ff ff ff ff ff ff ff ff              |W.(.........|
[12.622687000] dev=8 RADIO->APP (1 bytes)
    06                                               |.|
[12.624577000] dev=8 APP->RADIO (12 bytes)
    57 01 30 08 ff ff ff ff ff ff ff ff              |W.0.........|
[12.638109000] dev=8 RADIO->APP (1 bytes)
    06                                               |.|
[12.640113000] dev=8 APP->RADIO (12 bytes)
    57 01 38 08 ff ff ff ff ff ff ff ff              |W.8.........|
[12.653637000] dev=8 RADIO->APP (1 bytes)
    06                                               |.|
[12.655635000] dev=8 APP->RADIO (12 bytes)
    57 01 40 08 ff ff ff ff ff ff ff ff              |W.@.........|
[12.669185000] dev=8 RADIO->APP (1 bytes)
    06                                               |.|
[12.671445000] dev=8 APP->RADIO (12 bytes)
    57 01 48 08 ff ff ff ff ff ff ff ff              |W.H.........|
[12.685011000] dev=8 RADIO->APP (1 bytes)
    06                                               |.|
[12.701302000] dev=8 APP->RADIO (12 bytes)
    57 01 50 08 ff ff ff ff ff ff ff ff              |W.P.........|
[12.714837000] dev=8 RADIO->APP (1 bytes)
    06                                               |.|
[12.717115000] dev=8 APP->RADIO (12 bytes)
    57 01 58 08 ff ff ff ff ff ff ff ff              |W.X.........|
[12.730671000] dev=8 RADIO->APP (1 bytes)
    06                                               |.|
[12.732210000] dev=8 APP->RADIO (12 bytes)
    57 01 60 08 ff ff ff ff ff ff ff ff              |W.`.........|
[12.745797000] dev=8 RADIO->APP (1 bytes)
    06                                               |.|
[12.747588000] dev=8 APP->RADIO (12 bytes)
    57 01 68 08 ff ff ff ff ff ff ff ff              |W.h.........|
[12.761137000] dev=8 RADIO->APP (1 bytes)
    06                                               |.|
[12.763133000] dev=8 APP->RADIO (12 bytes)
    57 01 70 08 ff ff ff ff ff ff ff ff              |W.p.........|
[12.776683000] dev=8 RADIO->APP (1 bytes)
    06                                               |.|
[12.778469000] dev=8 APP->RADIO (12 bytes)
    57 01 78 08 ff ff ff ff ff ff ff ff              |W.x.........|
[12.792033000] dev=8 RADIO->APP (1 bytes)
    06                                               |.|
[12.793622000] dev=8 APP->RADIO (12 bytes)
    57 01 80 08 ff ff ff ff ff ff ff ff              |W...........|
[12.807181000] dev=8 RADIO->APP (1 bytes)
    06                                               |.|
[12.808798000] dev=8 APP->RADIO (12 bytes)
    57 01 88 08 ff ff ff ff ff ff ff ff              |W...........|
[12.822358000] dev=8 RADIO->APP (1 bytes)
    06                                               |.|
[12.823954000] dev=8 APP->RADIO (12 bytes)
    57 01 90 08 ff ff ff ff ff ff ff ff              |W...........|
[12.837505000] dev=8 RADIO->APP (1 bytes)
    06                                               |.|
[12.839395000] dev=8 APP->RADIO (12 bytes)
    57 01 98 08 ff ff ff ff ff ff ff ff              |W...........|
[12.852905000] dev=8 RADIO->APP (1 bytes)
    06                                               |.|
[12.854611000] dev=8 APP->RADIO (12 bytes)
    57 01 a0 08 ff ff ff ff ff ff ff ff              |W...........|
[12.868154000] dev=8 RADIO->APP (1 bytes)
    06                                               |.|
[12.870177000] dev=8 APP->RADIO (12 bytes)
    57 01 a8 08 ff ff ff ff ff ff ff ff              |W...........|
[12.883804000] dev=8 RADIO->APP (1 bytes)
    06                                               |.|
[12.885332000] dev=8 APP->RADIO (12 bytes)
    57 01 b0 08 ff ff ff ff ff ff ff ff              |W...........|
[12.898884000] dev=8 RADIO->APP (1 bytes)
    06                                               |.|
[12.901022000] dev=8 APP->RADIO (12 bytes)
    57 01 b8 08 ff ff ff ff ff ff ff ff              |W...........|
[12.914583000] dev=8 RADIO->APP (1 bytes)
    06                                               |.|
[12.916186000] dev=8 APP->RADIO (12 bytes)
    57 01 c0 08 ff ff ff ff ff ff ff ff              |W...........|
[12.929812000] dev=8 RADIO->APP (1 bytes)
    06                                               |.|
[12.931540000] dev=8 APP->RADIO (12 bytes)
    57 01 c8 08 ff ff ff ff ff ff ff ff              |W...........|
[12.945083000] dev=8 RADIO->APP (1 bytes)
    06                                               |.|
[12.946954000] dev=8 APP->RADIO (12 bytes)
    57 01 d0 08 ff ff ff ff ff ff ff ff              |W...........|
[12.960508000] dev=8 RADIO->APP (1 bytes)
    06                                               |.|
[12.962443000] dev=8 APP->RADIO (12 bytes)
    57 01 d8 08 ff ff ff ff ff ff ff ff              |W...........|
[12.975986000] dev=8 RADIO->APP (1 bytes)
    06                                               |.|
[12.977842000] dev=8 APP->RADIO (12 bytes)
    57 01 e0 08 ff ff ff ff ff ff ff ff              |W...........|
[12.991380000] dev=8 RADIO->APP (1 bytes)
    06                                               |.|
[12.993307000] dev=8 APP->RADIO (12 bytes)
    57 01 e8 08 ff ff ff ff ff ff ff ff              |W...........|
[13.006848000] dev=8 RADIO->APP (1 bytes)
    06                                               |.|
[13.008685000] dev=8 APP->RADIO (12 bytes)
    57 01 f0 08 ff ff ff ff ff ff ff ff              |W...........|
[13.022281000] dev=8 RADIO->APP (1 bytes)
    06                                               |.|
[13.023933000] dev=8 APP->RADIO (12 bytes)
    57 01 f8 08 ff ff ff ff ff ff ff ff              |W...........|
[13.037484000] dev=8 RADIO->APP (1 bytes)
    06                                               |.|
[13.039354000] dev=8 APP->RADIO (12 bytes)
    57 02 00 08 ff ff ff ff ff ff ff ff              |W...........|
[13.052910000] dev=8 RADIO->APP (1 bytes)
    06                                               |.|
[13.054273000] dev=8 APP->RADIO (12 bytes)
    57 02 08 08 ff ff ff ff ff ff ff ff              |W...........|
[13.067839000] dev=8 RADIO->APP (1 bytes)
    06                                               |.|
[13.069622000] dev=8 APP->RADIO (12 bytes)
    57 02 10 08 ff ff ff ff ff ff ff ff              |W...........|
[13.083158000] dev=8 RADIO->APP (1 bytes)
    06                                               |.|
[13.084964000] dev=8 APP->RADIO (12 bytes)
    57 02 18 08 ff ff ff ff ff ff ff ff              |W...........|
[13.098508000] dev=8 RADIO->APP (1 bytes)
    06                                               |.|
[13.100101000] dev=8 APP->RADIO (12 bytes)
    57 02 20 08 ff ff ff ff ff ff ff ff              |W. .........|
[13.113633000] dev=8 RADIO->APP (1 bytes)
    06                                               |.|
[13.115979000] dev=8 APP->RADIO (12 bytes)
    57 02 28 08 ff ff ff ff ff ff ff ff              |W.(.........|
[13.129533000] dev=8 RADIO->APP (1 bytes)
    06                                               |.|
[13.130808000] dev=8 APP->RADIO (12 bytes)
    57 02 30 08 ff ff ff ff ff ff ff ff              |W.0.........|
[13.144360000] dev=8 RADIO->APP (1 bytes)
    06                                               |.|
[13.146325000] dev=8 APP->RADIO (12 bytes)
    57 02 38 08 ff ff ff ff ff ff ff ff              |W.8.........|
[13.159883000] dev=8 RADIO->APP (1 bytes)
    06                                               |.|
[13.161271000] dev=8 APP->RADIO (12 bytes)
    57 02 40 08 ff ff ff ff ff ff ff ff              |W.@.........|
[13.174786000] dev=8 RADIO->APP (1 bytes)
    06                                               |.|
[13.176409000] dev=8 APP->RADIO (12 bytes)
    57 02 48 08 ff ff ff ff ff ff ff ff              |W.H.........|
[13.189933000] dev=8 RADIO->APP (1 bytes)
    06                                               |.|
[13.192056000] dev=8 APP->RADIO (12 bytes)
    57 02 50 08 ff ff ff ff ff ff ff ff              |W.P.........|
[13.205581000] dev=8 RADIO->APP (1 bytes)
    06                                               |.|
[13.207073000] dev=8 APP->RADIO (12 bytes)
    57 02 58 08 ff ff ff ff ff ff ff ff              |W.X.........|
[13.220632000] dev=8 RADIO->APP (1 bytes)
    06                                               |.|
[13.222537000] dev=8 APP->RADIO (12 bytes)
    57 02 60 08 ff ff ff ff ff ff ff ff              |W.`.........|
[13.236086000] dev=8 RADIO->APP (1 bytes)
    06                                               |.|
[13.237613000] dev=8 APP->RADIO (12 bytes)
    57 02 68 08 ff ff ff ff ff ff ff ff              |W.h.........|
[13.251182000] dev=8 RADIO->APP (1 bytes)
    06                                               |.|
[13.253471000] dev=8 APP->RADIO (12 bytes)
    57 02 70 08 ff ff ff ff ff ff ff ff              |W.p.........|
[13.267006000] dev=8 RADIO->APP (1 bytes)
    06                                               |.|
[13.268982000] dev=8 APP->RADIO (12 bytes)
    57 02 78 08 ff ff ff ff ff ff ff ff              |W.x.........|
[13.282538000] dev=8 RADIO->APP (1 bytes)
    06                                               |.|
[13.284982000] dev=8 APP->RADIO (12 bytes)
    57 02 80 08 ff ff ff ff ff ff ff ff              |W...........|
[13.298509000] dev=8 RADIO->APP (1 bytes)
    06                                               |.|
[13.300369000] dev=8 APP->RADIO (12 bytes)
    57 02 88 08 ff ff ff ff ff ff ff ff              |W...........|
[13.313933000] dev=8 RADIO->APP (1 bytes)
    06                                               |.|
[13.315577000] dev=8 APP->RADIO (12 bytes)
    57 02 90 08 ff ff ff ff ff ff ff ff              |W...........|
[13.329116000] dev=8 RADIO->APP (1 bytes)
    06                                               |.|
[13.331023000] dev=8 APP->RADIO (12 bytes)
    57 02 98 08 ff ff ff ff ff ff ff ff              |W...........|
[13.344540000] dev=8 RADIO->APP (1 bytes)
    06                                               |.|
[13.346291000] dev=8 APP->RADIO (12 bytes)
    57 02 a0 08 ff ff ff ff ff ff ff ff              |W...........|
[13.359832000] dev=8 RADIO->APP (1 bytes)
    06                                               |.|
[13.361664000] dev=8 APP->RADIO (12 bytes)
    57 02 a8 08 ff ff ff ff ff ff ff ff              |W...........|
[13.375280000] dev=8 RADIO->APP (1 bytes)
    06                                               |.|
[13.377269000] dev=8 APP->RADIO (12 bytes)
    57 02 b0 08 ff ff ff ff ff ff ff ff              |W...........|
[13.390804000] dev=8 RADIO->APP (1 bytes)
    06                                               |.|
[13.392401000] dev=8 APP->RADIO (12 bytes)
    57 02 b8 08 ff ff ff ff ff ff ff ff              |W...........|
[13.405930000] dev=8 RADIO->APP (1 bytes)
    06                                               |.|
[13.407684000] dev=8 APP->RADIO (12 bytes)
    57 02 c0 08 ff ff ff ff ff ff ff ff              |W...........|
[13.421277000] dev=8 RADIO->APP (1 bytes)
    06                                               |.|
[13.423785000] dev=8 APP->RADIO (12 bytes)
    57 02 c8 08 ff ff ff ff ff ff ff ff              |W...........|
[13.437329000] dev=8 RADIO->APP (1 bytes)
    06                                               |.|
[13.439157000] dev=8 APP->RADIO (12 bytes)
    57 02 d0 08 ff ff ff ff ff ff ff ff              |W...........|
[13.452703000] dev=8 RADIO->APP (1 bytes)
    06                                               |.|
[13.454642000] dev=8 APP->RADIO (12 bytes)
    57 02 d8 08 ff ff ff ff ff ff ff ff              |W...........|
[13.468205000] dev=8 RADIO->APP (1 bytes)
    06                                               |.|
[13.470104000] dev=8 APP->RADIO (12 bytes)
    57 02 e0 08 ff ff ff ff ff ff ff ff              |W...........|
[13.483669000] dev=8 RADIO->APP (1 bytes)
    06                                               |.|
[13.486032000] dev=8 APP->RADIO (12 bytes)
    57 02 e8 08 ff ff ff ff ff ff ff ff              |W...........|
[13.499581000] dev=8 RADIO->APP (1 bytes)
    06                                               |.|
[13.501042000] dev=8 APP->RADIO (12 bytes)
    57 02 f0 08 ff ff ff ff ff ff ff ff              |W...........|
[13.514577000] dev=8 RADIO->APP (1 bytes)
    06                                               |.|
[13.517036000] dev=8 APP->RADIO (12 bytes)
    57 02 f8 08 ff ff ff ff ff ff ff ff              |W...........|
[13.530582000] dev=8 RADIO->APP (1 bytes)
    06                                               |.|
[13.532535000] dev=8 APP->RADIO (12 bytes)
    57 03 00 08 ff ff ff ff ff ff ff ff              |W...........|
[13.546077000] dev=8 RADIO->APP (1 bytes)
    06                                               |.|
[13.548524000] dev=8 APP->RADIO (12 bytes)
    57 03 08 08 ff ff ff ff ff ff ff ff              |W...........|
[13.562082000] dev=8 RADIO->APP (1 bytes)
    06                                               |.|
[13.564467000] dev=8 APP->RADIO (12 bytes)
    57 03 10 08 ff ff ff ff ff ff ff ff              |W...........|
[13.578030000] dev=8 RADIO->APP (1 bytes)
    06                                               |.|
[13.579541000] dev=8 APP->RADIO (12 bytes)
    57 03 18 08 ff ff ff ff ff ff ff ff              |W...........|
[13.593107000] dev=8 RADIO->APP (1 bytes)
    06                                               |.|
[13.594877000] dev=8 APP->RADIO (12 bytes)
    57 03 20 08 ff ff ff ff ff ff ff ff              |W. .........|
[13.608430000] dev=8 RADIO->APP (1 bytes)
    06                                               |.|
[13.609974000] dev=8 APP->RADIO (12 bytes)
    57 03 28 08 ff ff ff ff ff ff ff ff              |W.(.........|
[13.623505000] dev=8 RADIO->APP (1 bytes)
    06                                               |.|
[13.625376000] dev=8 APP->RADIO (12 bytes)
    57 03 30 08 ff ff ff ff ff ff ff ff              |W.0.........|
[13.638927000] dev=8 RADIO->APP (1 bytes)
    06                                               |.|
[13.641314000] dev=8 APP->RADIO (12 bytes)
    57 03 38 08 ff ff ff ff ff ff ff ff              |W.8.........|
[13.654848000] dev=8 RADIO->APP (1 bytes)
    06                                               |.|
[13.657665000] dev=8 APP->RADIO (12 bytes)
    57 03 40 08 ff ff ff ff ff ff ff ff              |W.@.........|
[13.671274000] dev=8 RADIO->APP (1 bytes)
    06                                               |.|
[13.673561000] dev=8 APP->RADIO (12 bytes)
    57 03 48 08 ff ff ff ff ff ff ff ff              |W.H.........|
[13.687131000] dev=8 RADIO->APP (1 bytes)
    06                                               |.|
[13.688973000] dev=8 APP->RADIO (12 bytes)
    57 03 50 08 ff ff ff ff ff ff ff ff              |W.P.........|
[13.702529000] dev=8 RADIO->APP (1 bytes)
    06                                               |.|
[13.704567000] dev=8 APP->RADIO (12 bytes)
    57 03 58 08 ff ff ff ff ff ff ff ff              |W.X.........|
[13.718127000] dev=8 RADIO->APP (1 bytes)
    06                                               |.|
[13.719920000] dev=8 APP->RADIO (12 bytes)
    57 03 60 08 ff ff ff ff ff ff ff ff              |W.`.........|
[13.733480000] dev=8 RADIO->APP (1 bytes)
    06                                               |.|
[13.735027000] dev=8 APP->RADIO (12 bytes)
    57 03 68 08 ff ff ff ff ff ff ff ff              |W.h.........|
[13.748580000] dev=8 RADIO->APP (1 bytes)
    06                                               |.|
[13.750691000] dev=8 APP->RADIO (12 bytes)
    57 03 70 08 ff ff ff ff ff ff ff ff              |W.p.........|
[13.764277000] dev=8 RADIO->APP (1 bytes)
    06                                               |.|
[13.765785000] dev=8 APP->RADIO (12 bytes)
    57 03 78 08 ff ff ff ff ff ff ff ff              |W.x.........|
[13.779330000] dev=8 RADIO->APP (1 bytes)
    06                                               |.|
[13.781350000] dev=8 APP->RADIO (12 bytes)
    57 03 80 08 ff ff ff ff ff ff ff ff              |W...........|
[13.794904000] dev=8 RADIO->APP (1 bytes)
    06                                               |.|
[13.796923000] dev=8 APP->RADIO (12 bytes)
    57 03 88 08 ff ff ff ff ff ff ff ff              |W...........|
[13.810482000] dev=8 RADIO->APP (1 bytes)
    06                                               |.|
[13.811989000] dev=8 APP->RADIO (12 bytes)
    57 03 90 08 ff ff ff ff ff ff ff ff              |W...........|
[13.825527000] dev=8 RADIO->APP (1 bytes)
    06                                               |.|
[13.827185000] dev=8 APP->RADIO (12 bytes)
    57 03 98 08 ff ff ff ff ff ff ff ff              |W...........|
[13.840778000] dev=8 RADIO->APP (1 bytes)
    06                                               |.|
[13.843268000] dev=8 APP->RADIO (12 bytes)
    57 03 a0 08 ff ff ff ff ff ff ff ff              |W...........|
[13.856781000] dev=8 RADIO->APP (1 bytes)
    06                                               |.|
[13.859111000] dev=8 APP->RADIO (12 bytes)
    57 03 a8 08 ff ff ff ff ff ff ff ff              |W...........|
[13.872660000] dev=8 RADIO->APP (1 bytes)
    06                                               |.|
[13.874153000] dev=8 APP->RADIO (12 bytes)
    57 03 b0 08 ff ff ff ff ff ff 00 ff              |W...........|
[13.904406000] dev=8 RADIO->APP (1 bytes)
    06                                               |.|
[13.920720000] dev=8 APP->RADIO (12 bytes)
    57 03 b8 08 ff ff ff ff ff ff ff ff              |W...........|
[13.934308000] dev=8 RADIO->APP (1 bytes)
    06                                               |.|
[13.936454000] dev=8 APP->RADIO (12 bytes)
    57 03 c0 08 9b 05 00 06 00 02 00 00              |W...........|
[13.966808000] dev=8 RADIO->APP (1 bytes)
    06                                               |.|
[13.982672000] dev=8 APP->RADIO (4 bytes)
    52 03 c0 08                                      |R...|
[13.988020000] dev=8 RADIO->APP (1 bytes)
    57                                               |W|
[13.989163000] dev=8 RADIO->APP (1 bytes)
    03                                               |.|
[13.990329000] dev=8 RADIO->APP (1 bytes)
    c0                                               |.|
[13.991456000] dev=8 RADIO->APP (1 bytes)
    08                                               |.|
[13.992581000] dev=8 RADIO->APP (1 bytes)
    9b                                               |.|
[13.993705000] dev=8 RADIO->APP (1 bytes)
    05                                               |.|
[13.994833000] dev=8 RADIO->APP (1 bytes)
    00                                               |.|
[13.995953000] dev=8 RADIO->APP (1 bytes)
    06                                               |.|
[13.997079000] dev=8 RADIO->APP (1 bytes)
    00                                               |.|
[13.998142000] dev=8 RADIO->APP (1 bytes)
    02                                               |.|
[13.999355000] dev=8 RADIO->APP (1 bytes)
    00                                               |.|
[14.000402000] dev=8 RADIO->APP (1 bytes)
    00                                               |.|
[14.029602000] dev=8 APP->RADIO (12 bytes)
    57 03 c8 08 00 00 00 00 00 f8 ff ff              |W...........|
[14.059882000] dev=8 RADIO->APP (1 bytes)
    06                                               |.|
[14.076404000] dev=8 APP->RADIO (4 bytes)
    52 03 c8 08                                      |R...|
[14.081731000] dev=8 RADIO->APP (1 bytes)
    57                                               |W|
[14.082881000] dev=8 RADIO->APP (1 bytes)
    03                                               |.|
[14.083979000] dev=8 RADIO->APP (1 bytes)
    c8                                               |.|
[14.085129000] dev=8 RADIO->APP (1 bytes)
    08                                               |.|
[14.086259000] dev=8 RADIO->APP (1 bytes)
    00                                               |.|
[14.087303000] dev=8 RADIO->APP (1 bytes)
    00                                               |.|
[14.088506000] dev=8 RADIO->APP (1 bytes)
    00                                               |.|
[14.089631000] dev=8 RADIO->APP (1 bytes)
    00                                               |.|
[14.090678000] dev=8 RADIO->APP (1 bytes)
    00                                               |.|
[14.091778000] dev=8 RADIO->APP (1 bytes)
    f8                                               |.|
[14.093004000] dev=8 RADIO->APP (1 bytes)
    ff                                               |.|
[14.094129000] dev=8 RADIO->APP (1 bytes)
    ff                                               |.|
[14.123124000] dev=8 APP->RADIO (12 bytes)
    57 03 d0 08 53 4d ff 50 35 35 38 ff              |W...SM.P558.|
[14.153404000] dev=8 RADIO->APP (1 bytes)
    06                                               |.|
[14.169567000] dev=8 APP->RADIO (12 bytes)
    57 03 d8 08 ff ff ff ff ff ff ff ff              |W...........|
[14.183137000] dev=8 RADIO->APP (1 bytes)
    06                                               |.|
[14.184673000] dev=8 APP->RADIO (12 bytes)
    57 03 e0 08 ff ff ff ff ff ff ff ff              |W...........|
[14.198282000] dev=8 RADIO->APP (1 bytes)
    06                                               |.|
[14.199861000] dev=8 APP->RADIO (12 bytes)
    57 03 e8 08 ff ff ff ff ff ff ff ff              |W...........|
[14.213405000] dev=8 RADIO->APP (1 bytes)
    06                                               |.|
[15.257416000] dev=8 APP->RADIO (1 bytes)
    62                                               |b|
[15.307819000] dev=8 RADIO->APP (10 bytes)
    a1 20 00 00 00 00 02 00 80 1e                    |. ........|
[15.308807000] dev=8 RADIO->APP (10 bytes)
    a1 20 00 00 00 00 02 00 00 1e                    |. ........|
